Archive member included because of file (symbol)

c:/devkitPro/libnds/lib\libnds9.a(background.o)
                              SeekOutSafety.o (bgUpdate)
c:/devkitPro/libnds/lib\libnds9.a(keys.o)
                              SeekOutSafety.o (scanKeys)
c:/devkitPro/libnds/lib\libnds9.a(sassert.o)
                              SeekOutSafety.o (__sassert)
c:/devkitPro/libnds/lib\libnds9.a(system.o)
                              SeekOutSafety.o (powerOn)
c:/devkitPro/libnds/lib\libnds9.a(trig.o)
                              c:/devkitPro/libnds/lib\libnds9.a(background.o) (sinLerp)
c:/devkitPro/libnds/lib\libnds9.a(video.o)
                              SeekOutSafety.o (vramSetPrimaryBanks)
c:/devkitPro/libnds/lib\libnds9.a(initSystem.o)
                              c:/devkitpro/devkitarm/bin/../lib/gcc/arm-none-eabi/4.8.2/../../../../arm-none-eabi/lib/thumb/ds_arm9_crt0.o (initSystem)
c:/devkitPro/libnds/lib\libnds9.a(fifosystem.o)
                              c:/devkitPro/libnds/lib\libnds9.a(system.o) (fifoSendValue32)
c:/devkitPro/libnds/lib\libnds9.a(interrupts.o)
                              c:/devkitPro/libnds/lib\libnds9.a(fifosystem.o) (irqSet)
c:/devkitPro/libnds/lib\libnds9.a(libnds_exit.arm.o)
                              c:/devkitpro/devkitarm/bin/../lib/gcc/arm-none-eabi/4.8.2/../../../../arm-none-eabi/lib/thumb/ds_arm9_crt0.o (__libnds_exit)
c:/devkitPro/libnds/lib\libnds9.a(mpu_setup.o)
                              c:/devkitpro/devkitarm/bin/../lib/gcc/arm-none-eabi/4.8.2/../../../../arm-none-eabi/lib/thumb/ds_arm9_crt0.o (__libnds_mpu_setup)
c:/devkitPro/libnds/lib\libnds9.a(biosCalls.o)
                              c:/devkitPro/libnds/lib\libnds9.a(system.o) (swiDelay)
c:/devkitPro/libnds/lib\libnds9.a(interruptDispatcher.o)
                              c:/devkitPro/libnds/lib\libnds9.a(interrupts.o) (IntrMain)
c:/devkitPro/libnds/lib\libnds9.a(swiSoftReset.o)
                              c:/devkitPro/libnds/lib\libnds9.a(fifosystem.o) (swiSoftReset)
c:/devkitPro/libnds/lib\libnds9.a(console.o)
                              c:/devkitPro/libnds/lib\libnds9.a(sassert.o) (consoleDemoInit)
c:/devkitPro/libnds/lib\libnds9.a(debugprint.o)
                              c:/devkitPro/libnds/lib\libnds9.a(console.o) (nocashWrite)
c:/devkitPro/libnds/lib\libnds9.a(default_font.bin.o)
                              c:/devkitPro/libnds/lib\libnds9.a(console.o) (default_font_bin)
c:/devkitpro/devkitarm/bin/../lib/gcc/arm-none-eabi/4.8.2/thumb\libgcc.a(_divsi3.o)
                              c:/devkitPro/libnds/lib\libnds9.a(console.o) (__aeabi_idivmod)
c:/devkitpro/devkitarm/bin/../lib/gcc/arm-none-eabi/4.8.2/thumb\libgcc.a(_dvmd_tls.o)
                              c:/devkitpro/devkitarm/bin/../lib/gcc/arm-none-eabi/4.8.2/thumb\libgcc.a(_divsi3.o) (__aeabi_idiv0)
c:/devkitpro/devkitarm/bin/../lib/gcc/arm-none-eabi/4.8.2/../../../../arm-none-eabi/lib/thumb\libg.a(lib_a-bsearch.o)
                              c:/devkitPro/libnds/lib\libnds9.a(trig.o) (bsearch)
c:/devkitpro/devkitarm/bin/../lib/gcc/arm-none-eabi/4.8.2/../../../../arm-none-eabi/lib/thumb\libg.a(lib_a-impure.o)
                              c:/devkitPro/libnds/lib\libnds9.a(console.o) (_impure_ptr)
c:/devkitpro/devkitarm/bin/../lib/gcc/arm-none-eabi/4.8.2/../../../../arm-none-eabi/lib/thumb\libg.a(lib_a-init.o)
                              c:/devkitpro/devkitarm/bin/../lib/gcc/arm-none-eabi/4.8.2/../../../../arm-none-eabi/lib/thumb/ds_arm9_crt0.o (__libc_init_array)
c:/devkitpro/devkitarm/bin/../lib/gcc/arm-none-eabi/4.8.2/../../../../arm-none-eabi/lib/thumb\libg.a(lib_a-iprintf.o)
                              c:/devkitPro/libnds/lib\libnds9.a(sassert.o) (iprintf)
c:/devkitpro/devkitarm/bin/../lib/gcc/arm-none-eabi/4.8.2/../../../../arm-none-eabi/lib/thumb\libg.a(lib_a-memcpy-stub.o)
                              c:/devkitPro/libnds/lib\libnds9.a(fifosystem.o) (memcpy)
c:/devkitpro/devkitarm/bin/../lib/gcc/arm-none-eabi/4.8.2/../../../../arm-none-eabi/lib/thumb\libg.a(lib_a-rand.o)
                              SeekOutSafety.o (srand)
c:/devkitpro/devkitarm/bin/../lib/gcc/arm-none-eabi/4.8.2/../../../../arm-none-eabi/lib/thumb\libg.a(lib_a-setvbuf.o)
                              c:/devkitPro/libnds/lib\libnds9.a(console.o) (setvbuf)
c:/devkitpro/devkitarm/bin/../lib/gcc/arm-none-eabi/4.8.2/../../../../arm-none-eabi/lib/thumb\libg.a(lib_a-siscanf.o)
                              c:/devkitPro/libnds/lib\libnds9.a(console.o) (siscanf)
c:/devkitpro/devkitarm/bin/../lib/gcc/arm-none-eabi/4.8.2/../../../../arm-none-eabi/lib/thumb\libg.a(lib_a-stdio.o)
                              c:/devkitpro/devkitarm/bin/../lib/gcc/arm-none-eabi/4.8.2/../../../../arm-none-eabi/lib/thumb\libg.a(lib_a-siscanf.o) (__seofread)
c:/devkitpro/devkitarm/bin/../lib/gcc/arm-none-eabi/4.8.2/../../../../arm-none-eabi/lib/thumb\libg.a(lib_a-strlen.o)
[...]
Memory Configuration

Name             Origin             Length             Attributes
rom              0x08000000         0x02000000
ewram            0x02000000         0x003ff000
dtcm             0x0b000000         0x00004000
vectors          0x01000000         0x00000100
itcm             0x01000100         0x00007f00
*default*        0x00000000         0xffffffff

Linker script and memory map

                0x01000000                __vectors_start = ORIGIN (vectors)
                0x01000100                __itcm_start = ORIGIN (itcm)
                0x023ff000                __ewram_end = (ORIGIN (ewram) + 0x3ff000)
                0x023ff000                __eheap_end = (ORIGIN (ewram) + 0x3ff000)
                0x0b000000                __dtcm_start = ORIGIN (dtcm)
                0x0b004000                __dtcm_top = (ORIGIN (dtcm) + 0x4000)
                0x0b003ff8                __irq_flags = (__dtcm_top - 0x8)
                0x0b003ffc                __irq_vector = (__dtcm_top - 0x4)
                0x0b003f00                __sp_svc = (__dtcm_top - 0x100)
                0x0b003e00                __sp_irq = (__sp_svc - 0x100)
                0x0b003d00                __sp_usr = (__sp_irq - 0x100)

.init           0x02000000      0x23c
                0x02000000                __text_start = .
 *(.init)
 .init          0x02000000      0x230 c:/devkitpro/devkitarm/bin/../lib/gcc/arm-none-eabi/4.8.2/../../../../arm-none-eabi/lib/thumb/ds_arm9_crt0.o
                0x02000000                _start
 .init          0x02000230        0x4 c:/devkitpro/devkitarm/bin/../lib/gcc/arm-none-eabi/4.8.2/thumb/crti.o
                0x02000230                _init
 .init          0x02000234        0x8 c:/devkitpro/devkitarm/bin/../lib/gcc/arm-none-eabi/4.8.2/thumb/crtn.o
                0x0200023c                . = ALIGN (0x4)

.plt
 *(.plt)

.text           0x02000240     0x9928
 *(EXCLUDE_FILE(*.itcm*) .text)
 .text          0x02000240        0x0 c:/devkitpro/devkitarm/bin/../lib/gcc/arm-none-eabi/4.8.2/../../../../arm-none-eabi/lib/thumb/ds_arm9_crt0.o
 .text          0x02000240        0x0 c:/devkitpro/devkitarm/bin/../lib/gcc/arm-none-eabi/4.8.2/thumb/crti.o
 .text          0x02000240       0xd0 c:/devkitpro/devkitarm/bin/../lib/gcc/arm-none-eabi/4.8.2/thumb/crtbegin.o
 .text          0x02000310      0x37c SeekOutSafety.o
                0x02000310                videoSetup()
                0x0200033c                BGSetup()
                0x02000380                findUnvisited(int*, int, int, int, int)
                0x020005f4                makePath(int, int, int, int)
 .text          0x0200068c      0x334 c:/devkitPro/libnds/lib\libnds9.a(background.o)
                0x0200068c                bgIsText
                0x02000698                checkIfText
                0x020006f0                bgUpdate
                0x020007f4                bgInit_call
                0x020008d4                bgInitSub_call
 .text          0x020009c0      0x104 c:/devkitPro/libnds/lib\libnds9.a(keys.o)
                0x020009c0                scanKeys
                0x02000a34                keysHeld
                0x02000a40                keysDown
                0x02000a50                keysDownRepeat
                0x02000a60                keysSetRepeat
                0x02000a78                keysUp
                0x02000a88                keysCurrent
 .text          0x02000ac4       0x30 c:/devkitPro/libnds/lib\libnds9.a(sassert.o)
                0x02000ac4                __sassert
 .text          0x02000af4      0x128 c:/devkitPro/libnds/lib\libnds9.a(system.o)
                0x02000af4                setSDcallback
                0x02000b00                systemMsgHandler
                0x02000b44                systemSleep
                0x02000b5c                systemValueHandler
                0x02000b98                powerOn
                0x02000bc4                powerOff
                0x02000bec                ledBlink
                0x02000bfc                getBatteryLevel
 .text          0x02000c1c      0x240 c:/devkitPro/libnds/lib\libnds9.a(trig.o)
                0x02000c1c                asinComp
                0x02000c44                sinLutLookup
                0x02000c7c                sinLerp
                0x02000cb4                cosLerp
                0x02000cc8                tanLutLookup
                0x02000d00                tanLerp
                0x02000da4                asinLerp
                0x02000e20                acosLerp
                0x02000e34                atanComp
 .text          0x02000e5c      0x1f8 c:/devkitPro/libnds/lib\libnds9.a(video.o)
                0x02000e5c                vramSetPrimaryBanks
                0x02000ea0                vramSetMainBanks
                0x02000ee4                vramSetBanks_EFG
                0x02000f1c                vramRestorePrimaryBanks
                0x02000f28                vramRestoreMainBanks
                0x02000f34                vramRestoreBanks_EFG
                0x02000f40                setBrightness
                0x02000f80                vramDefault
 .text          0x02001054      0x140 c:/devkitPro/libnds/lib\libnds9.a(initSystem.o)
                0x02001054                initSystem
 .text          0x02001194      0xce0 c:/devkitPro/libnds/lib\libnds9.a(fifosystem.o)
                0x0200140c                fifoSendAddress
                0x02001438                fifoSendValue32
                0x02001474                fifoSendDatamsg
                0x020014e4                fifoGetAddress
                0x02001558                fifoSetAddressHandler
                0x020015d4                fifoGetValue32
                0x02001648                fifoSetValue32Handler
                0x020016c4                fifoGetDatamsg
                0x02001b68                fifoSetDatamsgHandler
                0x02001c0c                fifoCheckAddress
                0x02001c34                fifoCheckDatamsg
                0x02001c5c                fifoCheckDatamsgLength
                0x02001c94                fifoCheckValue32
                0x02001cbc                fifoInit
 .text          0x02001e74      0x1ec c:/devkitPro/libnds/lib\libnds9.a(interrupts.o)
                0x02001e74                irqDummy
                0x02001e78                irqSet
                0x02001ee4                irqInit
                0x02001f30                irqInitHandler
                0x02001f60                irqEnable
                0x02001fc4                irqDisable
                0x02002028                irqClear
 .text          0x02002060       0x58 c:/devkitPro/libnds/lib\libnds9.a(libnds_exit.arm.o)
                0x02002060                systemErrorExit
                0x02002064                __libnds_exit
 .text          0x020020b8      0x1b4 c:/devkitPro/libnds/lib\libnds9.a(mpu_setup.o)
                0x020020b8                __libnds_mpu_setup
                0x020021f8                memCached
                0x02002210                memUncached
 *fill*         0x0200226c        0x4 ff
 .text          0x02002270       0x70 c:/devkitPro/libnds/lib\libnds9.a(biosCalls.o)
                0x02002270                swiDelay
                0x02002274                swiIntrWait
                0x02002278                swiWaitForVBlank
                0x0200227c                swiSleep
                0x02002280                swiChangeSoundBias
                0x02002284                swiDivide
                0x02002288                swiRemainder
                0x0200228e                swiDivMod
                0x0200229a                swiCopy
                0x0200229e                swiFastCopy
                0x020022a2                swiSqrt
                0x020022a6                swiCRC16
                0x020022aa                swiIsDebugger
                0x020022ae                swiUnpackBits
                0x020022b2                swiDecompressLZSSWram
                0x020022b6                swiDecompressLZSSVramNTR
                0x020022ba                swiDecompressLZSSVramTWL
                0x020022be                swiDecompressHuffman
                0x020022c2                swiDecompressRLEWram
                0x020022c6                swiDecompressRLEVram
                0x020022ca                swiWaitForIRQ
                0x020022ce                swiDecodeDelta8
                0x020022d2                swiDecodeDelta16
                0x020022d6                swiSetHaltCR
 .text          0x020022e0        0x0 c:/devkitPro/libnds/lib\libnds9.a(interruptDispatcher.o)
 .text          0x020022e0       0x30 c:/devkitPro/libnds/lib\libnds9.a(swiSoftReset.o)
                0x020022e0                swiSoftReset
 .text          0x02002310      0xa28 c:/devkitPro/libnds/lib\libnds9.a(console.o)
                0x020023bc                nocash_write
                0x020023cc                consoleGetDefault
                0x020023d8                consoleSelect
                0x020023e8                consoleDebugInit
                0x0200243c                consolePrintChar
                0x02002608                consoleLoadFont
                0x02002898                consoleSetFont
                0x020028b8                consoleInit
                0x02002a20                consoleDemoInit
                0x02002a64                con_write
                0x02002d04                consoleClear
                0x02002d14                consoleSetWindow
 .text          0x02002d38       0xa4 c:/devkitPro/libnds/lib\libnds9.a(debugprint.o)
                0x02002d38                nocashWrite
                0x02002d3a                nocashMessage
 .text          0x02002ddc        0x0 c:/devkitPro/libnds/lib\libnds9.a(default_font.bin.o)
 .text          0x02002ddc      0x150 c:/devkitpro/devkitarm/bin/../lib/gcc/arm-none-eabi/4.8.2/thumb\libgcc.a(_divsi3.o)
                0x02002ddc                __divsi3
                0x02002ddc                __aeabi_idiv
                0x02002f0c                __aeabi_idivmod
 .text          0x02002f2c        0x4 c:/devkitpro/devkitarm/bin/../lib/gcc/arm-none-eabi/4.8.2/thumb\libgcc.a(_dvmd_tls.o)
                0x02002f2c                __aeabi_idiv0
                0x02002f2c                __aeabi_ldiv0
 .text          0x02002f30       0x64 c:/devkitpro/devkitarm/bin/../lib/gcc/arm-none-eabi/4.8.2/../../../../arm-none-eabi/lib/thumb\libg.a(lib_a-bsearch.o)
                0x02002f30                bsearch
 .text          0x02002f94        0x0 c:/devkitpro/devkitarm/bin/../lib/gcc/arm-none-eabi/4.8.2/../../../../arm-none-eabi/lib/thumb\libg.a(lib_a-impure.o)
 .text          0x02002f94       0x58 c:/devkitpro/devkitarm/bin/../lib/gcc/arm-none-eabi/4.8.2/../../../../arm-none-eabi/lib/thumb\libg.a(lib_a-init.o)
                0x02002f94                __libc_init_array
 .text          0x02002fec       0x40 c:/devkitpro/devkitarm/bin/../lib/gcc/arm-none-eabi/4.8.2/../../../../arm-none-eabi/lib/thumb\libg.a(lib_a-iprintf.o)
                0x02002fec                iprintf
                0x02003010                _iprintf_r
 .text          0x0200302c       0x88 c:/devkitpro/devkitarm/bin/../lib/gcc/arm-none-eabi/4.8.2/../../../../arm-none-eabi/lib/thumb\libg.a(lib_a-memcpy-stub.o)
                0x0200302c                memcpy
 *fill*         0x020030b4        0x4 ff
 .text          0x020030b8       0x50 c:/devkitpro/devkitarm/bin/../lib/gcc/arm-none-eabi/4.8.2/../../../../arm-none-eabi/lib/thumb\libg.a(lib_a-rand.o)
                0x020030b8                srand
                0x020030cc                rand
 .text          0x02003108      0x110 c:/devkitpro/devkitarm/bin/../lib/gcc/arm-none-eabi/4.8.2/../../../../arm-none-eabi/lib/thumb\libg.a(lib_a-setvbuf.o)
                0x02003108                setvbuf
 .text          0x02003218       0xa0 c:/devkitpro/devkitarm/bin/../lib/gcc/arm-none-eabi/4.8.2/../../../../arm-none-eabi/lib/thumb\libg.a(lib_a-siscanf.o)
                0x02003218                siscanf
                0x02003268                _siscanf_r
 .text          0x020032b8       0xac c:/devkitpro/devkitarm/bin/../lib/gcc/arm-none-eabi/4.8.2/../../../../arm-none-eabi/lib/thumb\libg.a(lib_a-stdio.o)
                0x020032b8                __sread
                0x020032e4                __seofread
                0x020032e8                __swrite
                0x02003324                __sseek
                0x02003354                __sclose
 .text          0x02003364       0x10 c:/devkitpro/devkitarm/bin/../lib/gcc/arm-none-eabi/4.8.2/../../../../arm-none-eabi/lib/thumb\libg.a(lib_a-strlen.o)
                0x02003364                strlen
 .text          0x02003374      0xadc c:/devkitpro/devkitarm/bin/../lib/gcc/arm-none-eabi/4.8.2/../../../../arm-none-eabi/lib/thumb\libg.a(lib_a-svfiscanf.o)
                0x02003374                _sungetc_r
                0x020033fc                __ssrefill_r
                0x02003440                _sfread_r
                0x020034c8                __ssvfiscanf_r
 .text          0x02003e50       0x30 c:/devkitpro/devkitarm/bin/../lib/gcc/arm-none-eabi/4.8.2/../../../../arm-none-eabi/lib/thumb\libg.a(lib_a-time.o)
                0x02003e50                time
 .text          0x02003e80      0x184 c:/devkitpro/devkitarm/bin/../lib/gcc/arm-none-eabi/4.8.2/../../../../arm-none-eabi/lib/thumb\libg.a(lib_a-ungetc.o)
                0x02003e80                __submore
                0x02003f08                _ungetc_r
                0x02003fe8                ungetc
 .text          0x02004004      0xe60 c:/devkitpro/devkitarm/bin/../lib/gcc/arm-none-eabi/4.8.2/../../../../arm-none-eabi/lib/thumb\libg.a(lib_a-vfiprintf.o)
                0x02004084                __sprint_r
                0x0200409c                _vfiprintf_r
                0x02004dc8                vfiprintf
 .text          0x02004e64       0x30 c:/devkitpro/devkitarm/bin/../lib/gcc/arm-none-eabi/4.8.2/../../../../arm-none-eabi/lib/thumb\libg.a(lib_a-viprintf.o)
                0x02004e64                viprintf
                0x02004e80                _viprintf_r
 .text          0x02004e94       0xdc c:/devkitpro/devkitarm/bin/../lib/gcc/arm-none-eabi/4.8.2/../../../../arm-none-eabi/lib/thumb\libg.a(lib_a-wcrtomb.o)
                0x02004e94                _wcrtomb_r
                0x02004efc                wcrtomb
 .text          0x02004f70       0x40 c:/devkitpro/devkitarm/bin/../lib/gcc/arm-none-eabi/4.8.2/../../../../arm-none-eabi/lib/thumb\libg.a(lib_a-wcsrtombs.o)
                0x02004f70                _wcsrtombs_r
                0x02004f88                wcsrtombs
 .text          0x02004fb0      0x28c c:/devkitpro/devkitarm/bin/../lib/gcc/arm-none-eabi/4.8.2/../../../../arm-none-eabi/lib/thumb\libg.a(lib_a-wctomb_r.o)
                0x02004fb0                __utf8_wctomb
                0x02005070                _wctomb_r
                0x020050a8                __ascii_wctomb
                0x020050c8                __sjis_wctomb
                0x0200513c                __eucjp_wctomb
                0x020051bc                __jis_wctomb
 .text          0x0200523c       0xd0 c:/devkitpro/devkitarm/bin/../lib/gcc/arm-none-eabi/4.8.2/../../../../arm-none-eabi/lib/thumb\libg.a(lib_a-wsetup.o)
                0x0200523c                __swsetup_r
 .text          0x0200530c       0x10 c:/devkitpro/devkitarm/bin/../lib/gcc/arm-none-eabi/4.8.2/../../../../arm-none-eabi/lib/thumb\libg.a(lib_a-ctype_.o)
                0x0200530c                __set_ctype
 .text          0x0200531c      0x1bc c:/devkitpro/devkitarm/bin/../lib/gcc/arm-none-eabi/4.8.2/../../../../arm-none-eabi/lib/thumb\libg.a(lib_a-fflush.o)
                0x0200531c                __sflush_r
                0x02005478                _fflush_r
                0x020054a8                fflush
 .text          0x020054d8      0x248 c:/devkitpro/devkitarm/bin/../lib/gcc/arm-none-eabi/4.8.2/../../../../arm-none-eabi/lib/thumb\libg.a(lib_a-findfp.o)
                0x020054e0                _cleanup_r
                0x020054f4                __sfmoreglue
                0x02005528                _cleanup
                0x02005544                __sinit
                0x02005644                __sfp
                0x020056d8                __sfp_lock_acquire
                0x020056dc                __sfp_lock_release
                0x020056e0                __sinit_lock_acquire
                0x020056e4                __sinit_lock_release
                0x020056e8                __fp_lock_all
                0x02005704                __fp_unlock_all
 .text          0x02005720      0x104 c:/devkitpro/devkitarm/bin/../lib/gcc/arm-none-eabi/4.8.2/../../../../arm-none-eabi/lib/thumb\libg.a(lib_a-fputwc.o)
                0x02005720                _fputwc_r
                0x020057f4                fputwc
 .text          0x02005824      0x238 c:/devkitpro/devkitarm/bin/../lib/gcc/arm-none-eabi/4.8.2/../../../../arm-none-eabi/lib/thumb\libg.a(lib_a-freer.o)
                0x02005824                _malloc_trim_r
                0x020058c8                _free_r
 .text          0x02005a5c      0x330 c:/devkitpro/devkitarm/bin/../lib/gcc/arm-none-eabi/4.8.2/../../../../arm-none-eabi/lib/thumb\libg.a(lib_a-fvwrite.o)
                0x02005a5c                __sfvwrite_r
 .text          0x02005d8c       0xa4 c:/devkitpro/devkitarm/bin/../lib/gcc/arm-none-eabi/4.8.2/../../../../arm-none-eabi/lib/thumb\libg.a(lib_a-fwalk.o)
                0x02005d8c                _fwalk
                0x02005dd8                _fwalk_reent
 .text          0x02005e30       0x78 c:/devkitpro/devkitarm/bin/../lib/gcc/arm-none-eabi/4.8.2/../../../../arm-none-eabi/lib/thumb\libg.a(lib_a-iswspace.o)
                0x02005e30                iswspace
 .text          0x02005ea8      0x1e8 c:/devkitpro/devkitarm/bin/../lib/gcc/arm-none-eabi/4.8.2/../../../../arm-none-eabi/lib/thumb\libg.a(lib_a-jp2uc.o)
                0x0200602c                _jp2uc
 .text          0x02006090      0x934 c:/devkitpro/devkitarm/bin/../lib/gcc/arm-none-eabi/4.8.2/../../../../arm-none-eabi/lib/thumb\libg.a(lib_a-locale.o)
                0x02006750                _setlocale_r
                0x02006964                __locale_charset
                0x0200696c                __locale_mb_cur_max
                0x02006978                __locale_msgcharset
                0x02006984                __locale_cjk_lang
                0x02006990                _localeconv_r
                0x0200699c                setlocale
                0x020069b8                localeconv
 .text          0x020069c4       0xe4 c:/devkitpro/devkitarm/bin/../lib/gcc/arm-none-eabi/4.8.2/../../../../arm-none-eabi/lib/thumb\libg.a(lib_a-makebuf.o)
                0x020069c4                __smakebuf_r
 .text          0x02006aa8       0x30 c:/devkitpro/devkitarm/bin/../lib/gcc/arm-none-eabi/4.8.2/../../../../arm-none-eabi/lib/thumb\libg.a(lib_a-malloc.o)
                0x02006aa8                malloc
                0x02006ac0                free
 .text          0x02006ad8      0x510 c:/devkitpro/devkitarm/bin/../lib/gcc/arm-none-eabi/4.8.2/../../../../arm-none-eabi/lib/thumb\libg.a(lib_a-mallocr.o)
                0x02006ad8                _malloc_r
 .text          0x02006fe8       0xf8 c:/devkitpro/devkitarm/bin/../lib/gcc/arm-none-eabi/4.8.2/../../../../arm-none-eabi/lib/thumb\libg.a(lib_a-mbrtowc.o)
                0x02006fe8                _mbrtowc_r
                0x02007060                mbrtowc
 .text          0x020070e0      0x5bc c:/devkitpro/devkitarm/bin/../lib/gcc/arm-none-eabi/4.8.2/../../../../arm-none-eabi/lib/thumb\libg.a(lib_a-mbtowc_r.o)
                0x020070e0                __utf8_mbtowc
                0x02007348                _mbtowc_r
                0x02007384                __ascii_mbtowc
                0x020073b4                __sjis_mbtowc
                0x0200746c                __eucjp_mbtowc
                0x02007554                __jis_mbtowc
 .text          0x0200769c       0x8c c:/devkitpro/devkitarm/bin/../lib/gcc/arm-none-eabi/4.8.2/../../../../arm-none-eabi/lib/thumb\libg.a(lib_a-memchr-stub.o)
                0x0200769c                memchr
 .text          0x02007728       0xa8 c:/devkitpro/devkitarm/bin/../lib/gcc/arm-none-eabi/4.8.2/../../../../arm-none-eabi/lib/thumb\libg.a(lib_a-memmove.o)
                0x02007728                memmove
 .text          0x020077d0       0xa4 c:/devkitpro/devkitarm/bin/../lib/gcc/arm-none-eabi/4.8.2/../../../../arm-none-eabi/lib/thumb\libg.a(lib_a-memset.o)
                0x020077d0                memset
 .text          0x02007874        0x8 c:/devkitpro/devkitarm/bin/../lib/gcc/arm-none-eabi/4.8.2/../../../../arm-none-eabi/lib/thumb\libg.a(lib_a-mlock.o)
                0x02007874                __malloc_lock
                0x02007878                __malloc_unlock
 .text          0x0200787c      0x36c c:/devkitpro/devkitarm/bin/../lib/gcc/arm-none-eabi/4.8.2/../../../../arm-none-eabi/lib/thumb\libg.a(lib_a-reallocr.o)
                0x0200787c                _realloc_r
 .text          0x02007be8       0x7c c:/devkitpro/devkitarm/bin/../lib/gcc/arm-none-eabi/4.8.2/../../../../arm-none-eabi/lib/thumb\libg.a(lib_a-sccl.o)
                0x02007be8                __sccl
 .text          0x02007c64       0x50 c:/devkitpro/devkitarm/bin/../lib/gcc/arm-none-eabi/4.8.2/../../../../arm-none-eabi/lib/thumb\libg.a(lib_a-strcasecmp.o)
                0x02007c64                strcasecmp
 .text          0x02007cb4       0x54 c:/devkitpro/devkitarm/bin/../lib/gcc/arm-none-eabi/4.8.2/../../../../arm-none-eabi/lib/thumb\libg.a(lib_a-strcat.o)
                0x02007cb4                strcat
 .text          0x02007d08       0xdc c:/devkitpro/devkitarm/bin/../lib/gcc/arm-none-eabi/4.8.2/../../../../arm-none-eabi/lib/thumb\libg.a(lib_a-strchr.o)
                0x02007d08                strchr
 .text          0x02007de4       0x14 c:/devkitpro/devkitarm/bin/../lib/gcc/arm-none-eabi/4.8.2/../../../../arm-none-eabi/lib/thumb\libg.a(lib_a-strcmp.o)
                0x02007de4                strcmp
 .text          0x02007df8       0x10 c:/devkitpro/devkitarm/bin/../lib/gcc/arm-none-eabi/4.8.2/../../../../arm-none-eabi/lib/thumb\libg.a(lib_a-strcpy.o)
                0x02007df8                strcpy
 .text          0x02007e08       0x50 c:/devkitpro/devkitarm/bin/../lib/gcc/arm-none-eabi/4.8.2/../../../../arm-none-eabi/lib/thumb\libg.a(lib_a-strlcpy.o)
                0x02007e08                strlcpy
 .text          0x02007e58       0x60 c:/devkitpro/devkitarm/bin/../lib/gcc/arm-none-eabi/4.8.2/../../../../arm-none-eabi/lib/thumb\libg.a(lib_a-strncasecmp.o)
                0x02007e58                strncasecmp
 .text          0x02007eb8       0xbc c:/devkitpro/devkitarm/bin/../lib/gcc/arm-none-eabi/4.8.2/../../../../arm-none-eabi/lib/thumb\libg.a(lib_a-strncmp.o)
                0x02007eb8                strncmp
 .text          0x02007f74       0x78 c:/devkitpro/devkitarm/bin/../lib/gcc/arm-none-eabi/4.8.2/../../../../arm-none-eabi/lib/thumb\libg.a(lib_a-strncpy.o)
                0x02007f74                strncpy
 *fill*         0x02007fec        0x4 ff
 .text          0x02007ff0      0x228 c:/devkitpro/devkitarm/bin/../lib/gcc/arm-none-eabi/4.8.2/../../../../arm-none-eabi/lib/thumb\libg.a(lib_a-strtoll_r.o)
                0x02007ff0                _strtoll_r
 .text          0x02008218      0x190 c:/devkitpro/devkitarm/bin/../lib/gcc/arm-none-eabi/4.8.2/../../../../arm-none-eabi/lib/thumb\libg.a(lib_a-strtol.o)
                0x02008218                _strtol_r
                0x02008388                strtol
 .text          0x020083a8      0x1fc c:/devkitpro/devkitarm/bin/../lib/gcc/arm-none-eabi/4.8.2/../../../../arm-none-eabi/lib/thumb\libg.a(lib_a-strtoull_r.o)
                0x020083a8                _strtoull_r
 .text          0x020085a4      0x1ac c:/devkitpro/devkitarm/bin/../lib/gcc/arm-none-eabi/4.8.2/../../../../arm-none-eabi/lib/thumb\libg.a(lib_a-strtoul.o)
                0x020085a4                _strtoul_r
                0x02008730                strtoul
 .text          0x02008750       0xd8 c:/devkitpro/devkitarm/bin/../lib/gcc/arm-none-eabi/4.8.2/../../../../arm-none-eabi/lib/thumb\libg.a(lib_a-wbuf.o)
                0x02008750                __swbuf_r
                0x0200880c                __swbuf
 .text          0x02008828      0x13c c:/devkitpro/devkitarm/bin/../lib/gcc/arm-none-eabi/4.8.2/../../../../arm-none-eabi/lib/thumb\libg.a(lib_a-wcsnrtombs.o)
                0x02008828                _wcsnrtombs_r
                0x02008934                wcsnrtombs
 .text          0x02008964       0xb0 c:/devkitpro/devkitarm/bin/../lib/gcc/arm-none-eabi/4.8.2/../../../../arm-none-eabi/lib/thumb\libg.a(lib_a-fclose.o)
                0x02008964                _fclose_r
                0x020089f8                fclose
 .text          0x02008a14       0xa8 c:/devkitpro/devkitarm/bin/../lib/gcc/arm-none-eabi/4.8.2/../../../../arm-none-eabi/lib/thumb\libg.a(lib_a-getenv_r.o)
                0x02008a14                _findenv_r
                0x02008aac                _getenv_r
 .text          0x02008abc        0x0 c:/devkitpro/devkitarm/bin/../lib/gcc/arm-none-eabi/4.8.2/../../../../arm-none-eabi/lib/thumb\libg.a(lib_a-environ.o)
 .text          0x02008abc        0x8 c:/devkitpro/devkitarm/bin/../lib/gcc/arm-none-eabi/4.8.2/../../../../arm-none-eabi/lib/thumb\libg.a(lib_a-envlock.o)
                0x02008abc                __env_lock
                0x02008ac0                __env_unlock
 .text          0x02008ac4      0x144 c:/devkitpro/devkitarm/bin/../lib/gcc/arm-none-eabi/4.8.2/../../../../arm-none-eabi/lib/thumb\libsysbase.a(iosupport.o)
                0x02008ac4                setDefaultDevice
                0x02008ad8                FindDevice
                0x02008b48                RemoveDevice
                0x02008b6c                AddDevice
                0x02008be8                GetDeviceOpTab
 .text          0x02008c08       0x50 c:/devkitpro/devkitarm/bin/../lib/gcc/arm-none-eabi/4.8.2/../../../../arm-none-eabi/lib/thumb\libsysbase.a(close.o)
                0x02008c08                _close_r
 .text          0x02008c58       0x50 c:/devkitpro/devkitarm/bin/../lib/gcc/arm-none-eabi/4.8.2/../../../../arm-none-eabi/lib/thumb\libsysbase.a(fstat.o)
                0x02008c58                _fstat_r
 .text          0x02008ca8        0x4 c:/devkitpro/devkitarm/bin/../lib/gcc/arm-none-eabi/4.8.2/../../../../arm-none-eabi/lib/thumb\libsysbase.a(isatty.o)
                0x02008ca8                _isatty_r
 .text          0x02008cac       0x50 c:/devkitpro/devkitarm/bin/../lib/gcc/arm-none-eabi/4.8.2/../../../../arm-none-eabi/lib/thumb\libsysbase.a(lseek.o)
                0x02008cac                _lseek_r
 .text          0x02008cfc       0x50 c:/devkitpro/devkitarm/bin/../lib/gcc/arm-none-eabi/4.8.2/../../../../arm-none-eabi/lib/thumb\libsysbase.a(read.o)
                0x02008cfc                _read_r
 .text          0x02008d4c       0x54 c:/devkitpro/devkitarm/bin/../lib/gcc/arm-none-eabi/4.8.2/../../../../arm-none-eabi/lib/thumb\libsysbase.a(sbrk.o)
                0x02008d4c                _sbrk_r
 .text          0x02008da0       0x44 c:/devkitpro/devkitarm/bin/../lib/gcc/arm-none-eabi/4.8.2/../../../../arm-none-eabi/lib/thumb\libsysbase.a(times.o)
                0x02008da0                _times
                0x02008db4                _times_r
                0x02008dbc                _gettimeofday_r
 .text          0x02008de4       0x58 c:/devkitpro/devkitarm/bin/../lib/gcc/arm-none-eabi/4.8.2/../../../../arm-none-eabi/lib/thumb\libsysbase.a(write.o)
                0x02008de4                _write_r
 .text          0x02008e3c        0x0 c:/devkitpro/devkitarm/bin/../lib/gcc/arm-none-eabi/4.8.2/../../../../arm-none-eabi/lib/thumb\libsysbase.a(malloc_vars.o)
 .text          0x02008e3c       0x50 c:/devkitpro/devkitarm/bin/../lib/gcc/arm-none-eabi/4.8.2/../../../../arm-none-eabi/lib/thumb\libsysbase.a(build_argv.o)
                0x02008e3c                build_argv
 .text          0x02008e8c        0x0 c:/devkitpro/devkitarm/bin/../lib/gcc/arm-none-eabi/4.8.2/../../../../arm-none-eabi/lib/thumb\libsysbase.a(syscall_support.o)
 .text          0x02008e8c       0x88 c:/devkitpro/devkitarm/bin/../lib/gcc/arm-none-eabi/4.8.2/../../../../arm-none-eabi/lib/thumb\libsysbase.a(handle_manager.o)
                0x02008e8c                __release_handle
                0x02008eb8                __alloc_handle
                0x02008ef4                __get_handle
 .text          0x02008f14      0x11c c:/devkitpro/devkitarm/bin/../lib/gcc/arm-none-eabi/4.8.2/thumb\libgcc.a(_udivsi3.o)
                0x02008f14                __aeabi_uidiv
                0x02008f14                __udivsi3
                0x02009010                __aeabi_uidivmod
 .text          0x02009030       0x3c c:/devkitpro/devkitarm/bin/../lib/gcc/arm-none-eabi/4.8.2/thumb\libgcc.a(_aeabi_uldivmod.o)
                0x02009030                __aeabi_uldivmod
 .text          0x0200906c       0x4c c:/devkitpro/devkitarm/bin/../lib/gcc/arm-none-eabi/4.8.2/thumb\libgcc.a(_muldi3.o)
                0x0200906c                __muldi3
                0x0200906c                __aeabi_lmul
 .text          0x020090b8       0x74 c:/devkitpro/devkitarm/bin/../lib/gcc/arm-none-eabi/4.8.2/thumb\libgcc.a(bpabi.o)
                0x020090b8                __gnu_ldivmod_helper
                0x020090f4                __gnu_uldivmod_helper
 .text          0x0200912c      0x3cc c:/devkitpro/devkitarm/bin/../lib/gcc/arm-none-eabi/4.8.2/thumb\libgcc.a(_divdi3.o)
                0x0200912c                __divdi3
 .text          0x020094f8      0x378 c:/devkitpro/devkitarm/bin/../lib/gcc/arm-none-eabi/4.8.2/thumb\libgcc.a(_udivdi3.o)
                0x020094f8                __udivdi3
 .text          0x02009870       0x48 c:/devkitpro/devkitarm/bin/../lib/gcc/arm-none-eabi/4.8.2/thumb\libgcc.a(_clzsi2.o)
                0x02009870                __clzsi2
 .text          0x020098b8        0xc c:/devkitpro/devkitarm/bin/../lib/gcc/arm-none-eabi/4.8.2/../../../../arm-none-eabi/lib/thumb\libg.a(lib_a-errno.o)
                0x020098b8                __errno
 .text          0x020098c4        0x0 c:/devkitpro/devkitarm/bin/../lib/gcc/arm-none-eabi/4.8.2/thumb/crtend.o
 .text          0x020098c4        0x0 c:/devkitpro/devkitarm/bin/../lib/gcc/arm-none-eabi/4.8.2/thumb/crtn.o
 *(.text.*)
 .text.startup  0x020098c4      0x224 SeekOutSafety.o
                0x020098c4                main
 .text.startup.__stub
                0x02009ae8       0x70 linker stubs
 *(.stub)
 *(.gnu.warning)
 *(.gnu.linkonce.t*)
 *(.glue_7)
 .glue_7        0x00000000        0x0 linker stubs
 *(.glue_7t)
 .glue_7t       0x00000000        0x0 linker stubs
                0x02009b58                . = ALIGN (0x4)

.vfp11_veneer   0x02009b68        0x0
 .vfp11_veneer  0x00000000        0x0 linker stubs

.v4_bx          0x02009b68        0x0
 .v4_bx         0x00000000        0x0 linker stubs

.iplt           0x02009b68        0x0
 .iplt          0x00000000        0x0 c:/devkitpro/devkitarm/bin/../lib/gcc/arm-none-eabi/4.8.2/../../../../arm-none-eabi/lib/thumb/ds_arm9_crt0.o

.fini           0x02009b68        0xc
 *(.fini)
 .fini          0x02009b68        0x4 c:/devkitpro/devkitarm/bin/../lib/gcc/arm-none-eabi/4.8.2/thumb/crti.o
                0x02009b68                _fini
 .fini          0x02009b6c        0x8 c:/devkitpro/devkitarm/bin/../lib/gcc/arm-none-eabi/4.8.2/thumb/crtn.o
                0x02009b74                __text_end = .

.rodata         0x02009b74     0x6440
 *(.rodata)
 .rodata        0x02009b74      0x308 c:/devkitPro/libnds/lib\libnds9.a(trig.o)
                0x02009b74                SIN_LUT
                0x02009c78                TAN_LUT
 .rodata        0x02009e7c      0x200 c:/devkitPro/libnds/lib\libnds9.a(console.o)
 .rodata        0x0200a07c     0x2004 c:/devkitPro/libnds/lib\libnds9.a(default_font.bin.o)
                0x0200a07c                default_font_bin
                0x0200c07c                default_font_bin_size
                0x0200c07c                default_font_bin_end
 .rodata        0x0200c080        0x4 c:/devkitpro/devkitarm/bin/../lib/gcc/arm-none-eabi/4.8.2/../../../../arm-none-eabi/lib/thumb\libg.a(lib_a-impure.o)
                0x0200c080                _global_impure_ptr
 .rodata        0x0200c084      0x340 c:/devkitpro/devkitarm/bin/../lib/gcc/arm-none-eabi/4.8.2/../../../../arm-none-eabi/lib/thumb\libg.a(lib_a-svfiscanf.o)
 .rodata        0x0200c3c4      0x184 c:/devkitpro/devkitarm/bin/../lib/gcc/arm-none-eabi/4.8.2/../../../../arm-none-eabi/lib/thumb\libg.a(lib_a-vfiprintf.o)
 .rodata        0x0200c548      0x104 c:/devkitpro/devkitarm/bin/../lib/gcc/arm-none-eabi/4.8.2/../../../../arm-none-eabi/lib/thumb\libg.a(lib_a-ctype_.o)
                0x0200c548                _ctype_
 .rodata        0x0200c64c     0x34f0 c:/devkitpro/devkitarm/bin/../lib/gcc/arm-none-eabi/4.8.2/../../../../arm-none-eabi/lib/thumb\libg.a(lib_a-jp2uc.o)
 .rodata        0x0200fb3c       0xf0 c:/devkitpro/devkitarm/bin/../lib/gcc/arm-none-eabi/4.8.2/../../../../arm-none-eabi/lib/thumb\libg.a(lib_a-locale.o)
 .rodata        0x0200fc2c       0xa8 c:/devkitpro/devkitarm/bin/../lib/gcc/arm-none-eabi/4.8.2/../../../../arm-none-eabi/lib/thumb\libg.a(lib_a-mbtowc_r.o)
 .rodata        0x0200fcd4       0x64 c:/devkitpro/devkitarm/bin/../lib/gcc/arm-none-eabi/4.8.2/../../../../arm-none-eabi/lib/thumb\libsysbase.a(iosupport.o)
                0x0200fcd4                dotab_stdnull
 *all.rodata*(*)
 *(.roda)
 *(.rodata.*)
 .rodata.str1.4
                0x0200fd38       0x88 SeekOutSafety.o
 .rodata.str1.4
                0x0200fdc0       0x42 c:/devkitPro/libnds/lib\libnds9.a(sassert.o)
                                 0x44 (size before relaxing)
 *fill*         0x0200fe02        0x2 ff
 .rodata.str1.4
                0x0200fe04       0x4c c:/devkitPro/libnds/lib\libnds9.a(console.o)
 .rodata.str1.4
                0x0200fe50        0x2 c:/devkitpro/devkitarm/bin/../lib/gcc/arm-none-eabi/4.8.2/../../../../arm-none-eabi/lib/thumb\libg.a(lib_a-impure.o)
                                  0x4 (size before relaxing)
 *fill*         0x0200fe52        0x2 ff
 .rodata.str1.4
                0x0200fe54       0x2f c:/devkitpro/devkitarm/bin/../lib/gcc/arm-none-eabi/4.8.2/../../../../arm-none-eabi/lib/thumb\libg.a(lib_a-vfiprintf.o)
                                 0x30 (size before relaxing)
 *fill*         0x0200fe83        0x1 ff
 .rodata.str1.4
                0x0200fe84       0x12 c:/devkitpro/devkitarm/bin/../lib/gcc/arm-none-eabi/4.8.2/../../../../arm-none-eabi/lib/thumb\libg.a(lib_a-jp2uc.o)
                                 0x14 (size before relaxing)
 *fill*         0x0200fe96        0x2 ff
 .rodata.str1.4
                0x0200fe98      0x112 c:/devkitpro/devkitarm/bin/../lib/gcc/arm-none-eabi/4.8.2/../../../../arm-none-eabi/lib/thumb\libg.a(lib_a-locale.o)
                                0x130 (size before relaxing)
 .rodata.str1.4
                0x00000000        0x4 c:/devkitpro/devkitarm/bin/../lib/gcc/arm-none-eabi/4.8.2/../../../../arm-none-eabi/lib/thumb\libg.a(lib_a-mbrtowc.o)
 *fill*         0x0200ffaa        0x2 ff
 .rodata.str1.4
                0x0200ffac        0x8 c:/devkitpro/devkitarm/bin/../lib/gcc/arm-none-eabi/4.8.2/../../../../arm-none-eabi/lib/thumb\libsysbase.a(iosupport.o)
 *(.gnu.linkonce.r*)
                0x0200ffb4                . = ALIGN (0x4)

.rel.dyn        0x0200ffb4        0x0
 .rel.iplt      0x00000000        0x0 c:/devkitpro/devkitarm/bin/../lib/gcc/arm-none-eabi/4.8.2/../../../../arm-none-eabi/lib/thumb/ds_arm9_crt0.o

.ARM.extab
 *(.ARM.extab* .gnu.linkonce.armextab.*)
                0x0200ffb4                __exidx_start = .

ARM.exidx
 *(.ARM.exidx* .gnu.linkonce.armexidx.*)
                0x0200ffb4                __exidx_end = .
                0x0200ffb4                . = ALIGN (0x4)
                0x0200ffb4                PROVIDE (__preinit_array_start, .)

.preinit_array
 *(.preinit_array)
                0x0200ffb4                PROVIDE (__preinit_array_end, .)
                0x0200ffb4                PROVIDE (__init_array_start, .)

.init_array     0x0200ffb4        0x4
 *(SORT(.init_array.*))
 *(.init_array)
 .init_array    0x0200ffb4        0x4 c:/devkitpro/devkitarm/bin/../lib/gcc/arm-none-eabi/4.8.2/thumb/crtbegin.o
                0x0200ffb8                PROVIDE (__init_array_end, .)
                0x0200ffb8                PROVIDE (__fini_array_start, .)

.fini_array     0x0200ffb8        0x4
 *(.fini_array)
 .fini_array    0x0200ffb8        0x4 c:/devkitpro/devkitarm/bin/../lib/gcc/arm-none-eabi/4.8.2/thumb/crtbegin.o
 *(SORT(.fini_array.*))
                0x0200ffbc                PROVIDE (__fini_array_end, .)

.ctors          0x0200ffbc        0x0
 *crtbegin.o(.ctors)
 *(EXCLUDE_FILE(*crtend.o) .ctors)
 *(SORT(.ctors.*))
 *(.ctors)
                0x0200ffbc                . = ALIGN (0x4)

.dtors          0x0200ffbc        0x0
 *crtbegin.o(.dtors)
 *(EXCLUDE_FILE(*crtend.o) .dtors)
 *(SORT(.dtors.*))
 *(.dtors)
                0x0200ffbc                . = ALIGN (0x4)

.eh_frame       0x0200ffbc        0x4
 *(.eh_frame)
 .eh_frame      0x0200ffbc        0x0 c:/devkitpro/devkitarm/bin/../lib/gcc/arm-none-eabi/4.8.2/thumb/crtbegin.o
 .eh_frame      0x0200ffbc        0x4 c:/devkitpro/devkitarm/bin/../lib/gcc/arm-none-eabi/4.8.2/thumb/crtend.o
                0x0200ffc0                . = ALIGN (0x4)

.gcc_except_table
                0x0200ffc0        0x0
 *(.gcc_except_table)
                0x0200ffc0                . = ALIGN (0x4)

.jcr            0x0200ffc0        0x4
 *(.jcr)
 .jcr           0x0200ffc0        0x0 c:/devkitpro/devkitarm/bin/../lib/gcc/arm-none-eabi/4.8.2/thumb/crtbegin.o
 .jcr           0x0200ffc0        0x4 c:/devkitpro/devkitarm/bin/../lib/gcc/arm-none-eabi/4.8.2/thumb/crtend.o

.got
 *(.got.plt)
 *(.got)
 *(.rel.got)

.ewram          0x0200ffc4        0x0
                0x0200ffc4                __ewram_start = ABSOLUTE (.)
 *(.ewram)
 *ewram.*(.text)
                0x0200ffc4                . = ALIGN (0x4)

.data           0x0200ffc4      0xb6c
                0x0200ffc4                __data_start = ABSOLUTE (.)
 *(.data)
 .data          0x0200ffc4        0x0 c:/devkitpro/devkitarm/bin/../lib/gcc/arm-none-eabi/4.8.2/../../../../arm-none-eabi/lib/thumb/ds_arm9_crt0.o
 .data          0x0200ffc4        0x0 c:/devkitpro/devkitarm/bin/../lib/gcc/arm-none-eabi/4.8.2/thumb/crti.o
 .data          0x0200ffc4        0x4 c:/devkitpro/devkitarm/bin/../lib/gcc/arm-none-eabi/4.8.2/thumb/crtbegin.o
                0x0200ffc4                __dso_handle
 .data          0x0200ffc8       0x80 SeekOutSafety.o
                0x0200ffc8                tiles
 .data          0x02010048       0x60 c:/devkitPro/libnds/lib\libnds9.a(background.o)
                0x02010048                bgScrollTable
                0x02010068                bgTransform
                0x02010088                bgControl
 .data          0x020100a8        0x3 c:/devkitPro/libnds/lib\libnds9.a(keys.o)
 .data          0x020100ab        0x0 c:/devkitPro/libnds/lib\libnds9.a(sassert.o)
 .data          0x020100ab        0x0 c:/devkitPro/libnds/lib\libnds9.a(system.o)
 .data          0x020100ab        0x0 c:/devkitPro/libnds/lib\libnds9.a(trig.o)
 .data          0x020100ab        0x0 c:/devkitPro/libnds/lib\libnds9.a(video.o)
 .data          0x020100ab        0x0 c:/devkitPro/libnds/lib\libnds9.a(initSystem.o)
 *fill*         0x020100ab        0x1 ff
 .data          0x020100ac       0x10 c:/devkitPro/libnds/lib\libnds9.a(fifosystem.o)
                0x020100ac                fifo_buffer_free
                0x020100b0                fifo_freewords
                0x020100b4                fifo_send_queue
                0x020100b8                fifo_receive_queue
 .data          0x020100bc        0x0 c:/devkitPro/libnds/lib\libnds9.a(interrupts.o)
 .data          0x020100bc        0x0 c:/devkitPro/libnds/lib\libnds9.a(libnds_exit.arm.o)
 .data          0x020100bc        0x0 c:/devkitPro/libnds/lib\libnds9.a(mpu_setup.o)
 .data          0x020100bc        0x0 c:/devkitPro/libnds/lib\libnds9.a(biosCalls.o)
 .data          0x020100bc        0x0 c:/devkitPro/libnds/lib\libnds9.a(interruptDispatcher.o)
 .data          0x020100bc        0x0 c:/devkitPro/libnds/lib\libnds9.a(swiSoftReset.o)
 .data          0x020100bc       0x64 c:/devkitPro/libnds/lib\libnds9.a(console.o)
                0x020100bc                currentConsole
                0x020100c0                defaultConsole
 .data          0x02010120        0x0 c:/devkitPro/libnds/lib\libnds9.a(debugprint.o)
 .data          0x02010120        0x0 c:/devkitPro/libnds/lib\libnds9.a(default_font.bin.o)
 .data          0x02010120        0x0 c:/devkitpro/devkitarm/bin/../lib/gcc/arm-none-eabi/4.8.2/thumb\libgcc.a(_divsi3.o)
 .data          0x02010120        0x0 c:/devkitpro/devkitarm/bin/../lib/gcc/arm-none-eabi/4.8.2/thumb\libgcc.a(_dvmd_tls.o)
 .data          0x02010120        0x0 c:/devkitpro/devkitarm/bin/../lib/gcc/arm-none-eabi/4.8.2/../../../../arm-none-eabi/lib/thumb\libg.a(lib_a-bsearch.o)
 .data          0x02010120      0x430 c:/devkitpro/devkitarm/bin/../lib/gcc/arm-none-eabi/4.8.2/../../../../arm-none-eabi/lib/thumb\libg.a(lib_a-impure.o)
                0x02010120                _impure_ptr
 .data          0x02010550        0x0 c:/devkitpro/devkitarm/bin/../lib/gcc/arm-none-eabi/4.8.2/../../../../arm-none-eabi/lib/thumb\libg.a(lib_a-init.o)
 .data          0x02010550        0x0 c:/devkitpro/devkitarm/bin/../lib/gcc/arm-none-eabi/4.8.2/../../../../arm-none-eabi/lib/thumb\libg.a(lib_a-iprintf.o)
 .data          0x02010550        0x0 c:/devkitpro/devkitarm/bin/../lib/gcc/arm-none-eabi/4.8.2/../../../../arm-none-eabi/lib/thumb\libg.a(lib_a-memcpy-stub.o)
 .data          0x02010550        0x0 c:/devkitpro/devkitarm/bin/../lib/gcc/arm-none-eabi/4.8.2/../../../../arm-none-eabi/lib/thumb\libg.a(lib_a-rand.o)
 .data          0x02010550        0x0 c:/devkitpro/devkitarm/bin/../lib/gcc/arm-none-eabi/4.8.2/../../../../arm-none-eabi/lib/thumb\libg.a(lib_a-setvbuf.o)
 .data          0x02010550        0x0 c:/devkitpro/devkitarm/bin/../lib/gcc/arm-none-eabi/4.8.2/../../../../arm-none-eabi/lib/thumb\libg.a(lib_a-siscanf.o)
 .data          0x02010550        0x0 c:/devkitpro/devkitarm/bin/../lib/gcc/arm-none-eabi/4.8.2/../../../../arm-none-eabi/lib/thumb\libg.a(lib_a-stdio.o)
 .data          0x02010550        0x0 c:/devkitpro/devkitarm/bin/../lib/gcc/arm-none-eabi/4.8.2/../../../../arm-none-eabi/lib/thumb\libg.a(lib_a-strlen.o)
 .data          0x02010550        0x0 c:/devkitpro/devkitarm/bin/../lib/gcc/arm-none-eabi/4.8.2/../../../../arm-none-eabi/lib/thumb\libg.a(lib_a-svfiscanf.o)
 .data          0x02010550        0x0 c:/devkitpro/devkitarm/bin/../lib/gcc/arm-none-eabi/4.8.2/../../../../arm-none-eabi/lib/thumb\libg.a(lib_a-time.o)
 .data          0x02010550        0x0 c:/devkitpro/devkitarm/bin/../lib/gcc/arm-none-eabi/4.8.2/../../../../arm-none-eabi/lib/thumb\libg.a(lib_a-ungetc.o)
 .data          0x02010550        0x0 c:/devkitpro/devkitarm/bin/../lib/gcc/arm-none-eabi/4.8.2/../../../../arm-none-eabi/lib/thumb\libg.a(lib_a-vfiprintf.o)
 .data          0x02010550        0x0 c:/devkitpro/devkitarm/bin/../lib/gcc/arm-none-eabi/4.8.2/../../../../arm-none-eabi/lib/thumb\libg.a(lib_a-viprintf.o)
 .data          0x02010550        0x0 c:/devkitpro/devkitarm/bin/../lib/gcc/arm-none-eabi/4.8.2/../../../../arm-none-eabi/lib/thumb\libg.a(lib_a-wcrtomb.o)
 .data          0x02010550        0x0 c:/devkitpro/devkitarm/bin/../lib/gcc/arm-none-eabi/4.8.2/../../../../arm-none-eabi/lib/thumb\libg.a(lib_a-wcsrtombs.o)
 .data          0x02010550        0x4 c:/devkitpro/devkitarm/bin/../lib/gcc/arm-none-eabi/4.8.2/../../../../arm-none-eabi/lib/thumb\libg.a(lib_a-wctomb_r.o)
                0x02010550                __wctomb
 .data          0x02010554        0x0 c:/devkitpro/devkitarm/bin/../lib/gcc/arm-none-eabi/4.8.2/../../../../arm-none-eabi/lib/thumb\libg.a(lib_a-wsetup.o)
 .data          0x02010554        0x4 c:/devkitpro/devkitarm/bin/../lib/gcc/arm-none-eabi/4.8.2/../../../../arm-none-eabi/lib/thumb\libg.a(lib_a-ctype_.o)
                0x02010554                __ctype_ptr__
 .data          0x02010558        0x0 c:/devkitpro/devkitarm/bin/../lib/gcc/arm-none-eabi/4.8.2/../../../../arm-none-eabi/lib/thumb\libg.a(lib_a-fflush.o)
 .data          0x02010558        0x0 c:/devkitpro/devkitarm/bin/../lib/gcc/arm-none-eabi/4.8.2/../../../../arm-none-eabi/lib/thumb\libg.a(lib_a-findfp.o)
 .data          0x02010558        0x0 c:/devkitpro/devkitarm/bin/../lib/gcc/arm-none-eabi/4.8.2/../../../../arm-none-eabi/lib/thumb\libg.a(lib_a-fputwc.o)
 .data          0x02010558        0x0 c:/devkitpro/devkitarm/bin/../lib/gcc/arm-none-eabi/4.8.2/../../../../arm-none-eabi/lib/thumb\libg.a(lib_a-freer.o)
 .data          0x02010558        0x0 c:/devkitpro/devkitarm/bin/../lib/gcc/arm-none-eabi/4.8.2/../../../../arm-none-eabi/lib/thumb\libg.a(lib_a-fvwrite.o)
 .data          0x02010558        0x0 c:/devkitpro/devkitarm/bin/../lib/gcc/arm-none-eabi/4.8.2/../../../../arm-none-eabi/lib/thumb\libg.a(lib_a-fwalk.o)
 .data          0x02010558        0x0 c:/devkitpro/devkitarm/bin/../lib/gcc/arm-none-eabi/4.8.2/../../../../arm-none-eabi/lib/thumb\libg.a(lib_a-iswspace.o)
 .data          0x02010558        0x0 c:/devkitpro/devkitarm/bin/../lib/gcc/arm-none-eabi/4.8.2/../../../../arm-none-eabi/lib/thumb\libg.a(lib_a-jp2uc.o)
 .data          0x02010558      0x17c c:/devkitpro/devkitarm/bin/../lib/gcc/arm-none-eabi/4.8.2/../../../../arm-none-eabi/lib/thumb\libg.a(lib_a-locale.o)
                0x02010558                __default_locale
                0x02010678                __mb_cur_max
 .data          0x020106d4        0x0 c:/devkitpro/devkitarm/bin/../lib/gcc/arm-none-eabi/4.8.2/../../../../arm-none-eabi/lib/thumb\libg.a(lib_a-makebuf.o)
 .data          0x020106d4        0x0 c:/devkitpro/devkitarm/bin/../lib/gcc/arm-none-eabi/4.8.2/../../../../arm-none-eabi/lib/thumb\libg.a(lib_a-malloc.o)
 .data          0x020106d4      0x410 c:/devkitpro/devkitarm/bin/../lib/gcc/arm-none-eabi/4.8.2/../../../../arm-none-eabi/lib/thumb\libg.a(lib_a-mallocr.o)
                0x020106d4                __malloc_av_
                0x02010adc                __malloc_sbrk_base
                0x02010ae0                __malloc_trim_threshold
 .data          0x02010ae4        0x0 c:/devkitpro/devkitarm/bin/../lib/gcc/arm-none-eabi/4.8.2/../../../../arm-none-eabi/lib/thumb\libg.a(lib_a-mbrtowc.o)
 .data          0x02010ae4        0x4 c:/devkitpro/devkitarm/bin/../lib/gcc/arm-none-eabi/4.8.2/../../../../arm-none-eabi/lib/thumb\libg.a(lib_a-mbtowc_r.o)
                0x02010ae4                __mbtowc
 .data          0x02010ae8        0x0 c:/devkitpro/devkitarm/bin/../lib/gcc/arm-none-eabi/4.8.2/../../../../arm-none-eabi/lib/thumb\libg.a(lib_a-memchr-stub.o)
 .data          0x02010ae8        0x0 c:/devkitpro/devkitarm/bin/../lib/gcc/arm-none-eabi/4.8.2/../../../../arm-none-eabi/lib/thumb\libg.a(lib_a-memmove.o)
 .data          0x02010ae8        0x0 c:/devkitpro/devkitarm/bin/../lib/gcc/arm-none-eabi/4.8.2/../../../../arm-none-eabi/lib/thumb\libg.a(lib_a-memset.o)
 .data          0x02010ae8        0x0 c:/devkitpro/devkitarm/bin/../lib/gcc/arm-none-eabi/4.8.2/../../../../arm-none-eabi/lib/thumb\libg.a(lib_a-mlock.o)
 .data          0x02010ae8        0x0 c:/devkitpro/devkitarm/bin/../lib/gcc/arm-none-eabi/4.8.2/../../../../arm-none-eabi/lib/thumb\libg.a(lib_a-reallocr.o)
 .data          0x02010ae8        0x0 c:/devkitpro/devkitarm/bin/../lib/gcc/arm-none-eabi/4.8.2/../../../../arm-none-eabi/lib/thumb\libg.a(lib_a-sccl.o)
 .data          0x02010ae8        0x0 c:/devkitpro/devkitarm/bin/../lib/gcc/arm-none-eabi/4.8.2/../../../../arm-none-eabi/lib/thumb\libg.a(lib_a-strcasecmp.o)
 .data          0x02010ae8        0x0 c:/devkitpro/devkitarm/bin/../lib/gcc/arm-none-eabi/4.8.2/../../../../arm-none-eabi/lib/thumb\libg.a(lib_a-strcat.o)
 .data          0x02010ae8        0x0 c:/devkitpro/devkitarm/bin/../lib/gcc/arm-none-eabi/4.8.2/../../../../arm-none-eabi/lib/thumb\libg.a(lib_a-strchr.o)
 .data          0x02010ae8        0x0 c:/devkitpro/devkitarm/bin/../lib/gcc/arm-none-eabi/4.8.2/../../../../arm-none-eabi/lib/thumb\libg.a(lib_a-strcmp.o)
 .data          0x02010ae8        0x0 c:/devkitpro/devkitarm/bin/../lib/gcc/arm-none-eabi/4.8.2/../../../../arm-none-eabi/lib/thumb\libg.a(lib_a-strcpy.o)
 .data          0x02010ae8        0x0 c:/devkitpro/devkitarm/bin/../lib/gcc/arm-none-eabi/4.8.2/../../../../arm-none-eabi/lib/thumb\libg.a(lib_a-strlcpy.o)
 .data          0x02010ae8        0x0 c:/devkitpro/devkitarm/bin/../lib/gcc/arm-none-eabi/4.8.2/../../../../arm-none-eabi/lib/thumb\libg.a(lib_a-strncasecmp.o)
 .data          0x02010ae8        0x0 c:/devkitpro/devkitarm/bin/../lib/gcc/arm-none-eabi/4.8.2/../../../../arm-none-eabi/lib/thumb\libg.a(lib_a-strncmp.o)
 .data          0x02010ae8        0x0 c:/devkitpro/devkitarm/bin/../lib/gcc/arm-none-eabi/4.8.2/../../../../arm-none-eabi/lib/thumb\libg.a(lib_a-strncpy.o)
 .data          0x02010ae8        0x0 c:/devkitpro/devkitarm/bin/../lib/gcc/arm-none-eabi/4.8.2/../../../../arm-none-eabi/lib/thumb\libg.a(lib_a-strtoll_r.o)
 .data          0x02010ae8        0x0 c:/devkitpro/devkitarm/bin/../lib/gcc/arm-none-eabi/4.8.2/../../../../arm-none-eabi/lib/thumb\libg.a(lib_a-strtol.o)
 .data          0x02010ae8        0x0 c:/devkitpro/devkitarm/bin/../lib/gcc/arm-none-eabi/4.8.2/../../../../arm-none-eabi/lib/thumb\libg.a(lib_a-strtoull_r.o)
 .data          0x02010ae8        0x0 c:/devkitpro/devkitarm/bin/../lib/gcc/arm-none-eabi/4.8.2/../../../../arm-none-eabi/lib/thumb\libg.a(lib_a-strtoul.o)
 .data          0x02010ae8        0x0 c:/devkitpro/devkitarm/bin/../lib/gcc/arm-none-eabi/4.8.2/../../../../arm-none-eabi/lib/thumb\libg.a(lib_a-wbuf.o)
 .data          0x02010ae8        0x0 c:/devkitpro/devkitarm/bin/../lib/gcc/arm-none-eabi/4.8.2/../../../../arm-none-eabi/lib/thumb\libg.a(lib_a-wcsnrtombs.o)
 .data          0x02010ae8        0x0 c:/devkitpro/devkitarm/bin/../lib/gcc/arm-none-eabi/4.8.2/../../../../arm-none-eabi/lib/thumb\libg.a(lib_a-fclose.o)
 .data          0x02010ae8        0x0 c:/devkitpro/devkitarm/bin/../lib/gcc/arm-none-eabi/4.8.2/../../../../arm-none-eabi/lib/thumb\libg.a(lib_a-getenv_r.o)
 .data          0x02010ae8        0x4 c:/devkitpro/devkitarm/bin/../lib/gcc/arm-none-eabi/4.8.2/../../../../arm-none-eabi/lib/thumb\libg.a(lib_a-environ.o)
                0x02010ae8                environ
 .data          0x02010aec        0x0 c:/devkitpro/devkitarm/bin/../lib/gcc/arm-none-eabi/4.8.2/../../../../arm-none-eabi/lib/thumb\libg.a(lib_a-envlock.o)
 .data          0x02010aec       0x44 c:/devkitpro/devkitarm/bin/../lib/gcc/arm-none-eabi/4.8.2/../../../../arm-none-eabi/lib/thumb\libsysbase.a(iosupport.o)
                0x02010af0                devoptab_list
 .data          0x02010b30        0x0 c:/devkitpro/devkitarm/bin/../lib/gcc/arm-none-eabi/4.8.2/../../../../arm-none-eabi/lib/thumb\libsysbase.a(close.o)
 .data          0x02010b30        0x0 c:/devkitpro/devkitarm/bin/../lib/gcc/arm-none-eabi/4.8.2/../../../../arm-none-eabi/lib/thumb\libsysbase.a(fstat.o)
 .data          0x02010b30        0x0 c:/devkitpro/devkitarm/bin/../lib/gcc/arm-none-eabi/4.8.2/../../../../arm-none-eabi/lib/thumb\libsysbase.a(isatty.o)
 .data          0x02010b30        0x0 c:/devkitpro/devkitarm/bin/../lib/gcc/arm-none-eabi/4.8.2/../../../../arm-none-eabi/lib/thumb\libsysbase.a(lseek.o)
 .data          0x02010b30        0x0 c:/devkitpro/devkitarm/bin/../lib/gcc/arm-none-eabi/4.8.2/../../../../arm-none-eabi/lib/thumb\libsysbase.a(read.o)
 .data          0x02010b30        0x0 c:/devkitpro/devkitarm/bin/../lib/gcc/arm-none-eabi/4.8.2/../../../../arm-none-eabi/lib/thumb\libsysbase.a(sbrk.o)
 .data          0x02010b30        0x0 c:/devkitpro/devkitarm/bin/../lib/gcc/arm-none-eabi/4.8.2/../../../../arm-none-eabi/lib/thumb\libsysbase.a(times.o)
 .data          0x02010b30        0x0 c:/devkitpro/devkitarm/bin/../lib/gcc/arm-none-eabi/4.8.2/../../../../arm-none-eabi/lib/thumb\libsysbase.a(write.o)
 .data          0x02010b30        0x0 c:/devkitpro/devkitarm/bin/../lib/gcc/arm-none-eabi/4.8.2/../../../../arm-none-eabi/lib/thumb\libsysbase.a(malloc_vars.o)
 .data          0x02010b30        0x0 c:/devkitpro/devkitarm/bin/../lib/gcc/arm-none-eabi/4.8.2/../../../../arm-none-eabi/lib/thumb\libsysbase.a(build_argv.o)
 .data          0x02010b30        0x0 c:/devkitpro/devkitarm/bin/../lib/gcc/arm-none-eabi/4.8.2/../../../../arm-none-eabi/lib/thumb\libsysbase.a(syscall_support.o)
 .data          0x02010b30        0x0 c:/devkitpro/devkitarm/bin/../lib/gcc/arm-none-eabi/4.8.2/../../../../arm-none-eabi/lib/thumb\libsysbase.a(handle_manager.o)
 .data          0x02010b30        0x0 c:/devkitpro/devkitarm/bin/../lib/gcc/arm-none-eabi/4.8.2/thumb\libgcc.a(_udivsi3.o)
 .data          0x02010b30        0x0 c:/devkitpro/devkitarm/bin/../lib/gcc/arm-none-eabi/4.8.2/thumb\libgcc.a(_aeabi_uldivmod.o)
 .data          0x02010b30        0x0 c:/devkitpro/devkitarm/bin/../lib/gcc/arm-none-eabi/4.8.2/thumb\libgcc.a(_muldi3.o)
 .data          0x02010b30        0x0 c:/devkitpro/devkitarm/bin/../lib/gcc/arm-none-eabi/4.8.2/thumb\libgcc.a(bpabi.o)
 .data          0x02010b30        0x0 c:/devkitpro/devkitarm/bin/../lib/gcc/arm-none-eabi/4.8.2/thumb\libgcc.a(_divdi3.o)
 .data          0x02010b30        0x0 c:/devkitpro/devkitarm/bin/../lib/gcc/arm-none-eabi/4.8.2/thumb\libgcc.a(_udivdi3.o)
 .data          0x02010b30        0x0 c:/devkitpro/devkitarm/bin/../lib/gcc/arm-none-eabi/4.8.2/thumb\libgcc.a(_clzsi2.o)
 .data          0x02010b30        0x0 c:/devkitpro/devkitarm/bin/../lib/gcc/arm-none-eabi/4.8.2/../../../../arm-none-eabi/lib/thumb\libg.a(lib_a-errno.o)
 .data          0x02010b30        0x0 c:/devkitpro/devkitarm/bin/../lib/gcc/arm-none-eabi/4.8.2/thumb/crtend.o
 .data          0x02010b30        0x0 c:/devkitpro/devkitarm/bin/../lib/gcc/arm-none-eabi/4.8.2/thumb/crtn.o
 *(.data.*)
 *(.gnu.linkonce.d*)
                0x02010b30                . = ALIGN (0x4)
                0x02010b30                __data_end = ABSOLUTE (.)
                0x02010b30                __dtcm_lma = .
                0x02010b30                __bss_vma = .

.igot.plt       0x02010b30        0x0
 .igot.plt      0x00000000        0x0 c:/devkitpro/devkitarm/bin/../lib/gcc/arm-none-eabi/4.8.2/../../../../arm-none-eabi/lib/thumb/ds_arm9_crt0.o

.tm_clone_table
                0x02010b30        0x0
 .tm_clone_table
                0x02010b30        0x0 c:/devkitpro/devkitarm/bin/../lib/gcc/arm-none-eabi/4.8.2/thumb/crtbegin.o
 .tm_clone_table
                0x02010b30        0x0 c:/devkitpro/devkitarm/bin/../lib/gcc/arm-none-eabi/4.8.2/thumb/crtend.o

.dtcm           0x0b000000        0x0 load address 0x02010b30
 *(.dtcm)
 *(.dtcm.*)
                0x0b000000                . = ALIGN (0x4)
                0x0b000000                __dtcm_end = ABSOLUTE (.)
                0x02010b30                __itcm_lma = (__dtcm_lma + SIZEOF (.dtcm))

.itcm           0x01000100      0x194 load address 0x02010b30
 *(.itcm)
 .itcm          0x01000100       0xc8 c:/devkitPro/libnds/lib\libnds9.a(interrupts.o)
                0x01000100                irqTable
 .itcm          0x010001c8       0xcc c:/devkitPro/libnds/lib\libnds9.a(interruptDispatcher.o)
                0x010001c8                IntrMain
 *itcm.*(.text)
                0x01000294                . = ALIGN (0x4)
                0x01000294                __itcm_end = ABSOLUTE (.)
                0x02010cc4                __vectors_lma = (__itcm_lma + SIZEOF (.itcm))

.vectors        0x01000000        0x0 load address 0x02010cc4
 *(.vectors)
 *vectors.*(.text)
                0x01000000                . = ALIGN (0x4)
                0x01000000                __vectors_end = ABSOLUTE (.)

.sbss           0x0b000000        0x0
                0x0b000000                __sbss_start = ABSOLUTE (.)
                0x0b000000                __sbss_start__ = ABSOLUTE (.)
 *(.sbss)
                0x0b000000                . = ALIGN (0x4)
                0x0b000000                __sbss_end = ABSOLUTE (.)

.bss            0x02010b30     0x2b20
                0x02010b30                __bss_start = ABSOLUTE (.)
                0x02010b30                __bss_start__ = ABSOLUTE (.)
 *(.dynbss)
 *(.gnu.linkonce.b*)
 *(.bss*)
 .bss           0x02010b30        0x0 c:/devkitpro/devkitarm/bin/../lib/gcc/arm-none-eabi/4.8.2/../../../../arm-none-eabi/lib/thumb/ds_arm9_crt0.o
 .bss           0x02010b30        0x0 c:/devkitpro/devkitarm/bin/../lib/gcc/arm-none-eabi/4.8.2/thumb/crti.o
 .bss           0x02010b30       0x1c c:/devkitpro/devkitarm/bin/../lib/gcc/arm-none-eabi/4.8.2/thumb/crtbegin.o
 .bss           0x02010b4c      0xc00 SeekOutSafety.o
                0x02010b4c                map
 .bss           0x0201174c        0x0 c:/devkitPro/libnds/lib\libnds9.a(background.o)
 .bss           0x0201174c        0x6 c:/devkitPro/libnds/lib\libnds9.a(keys.o)
 .bss           0x02011752        0x0 c:/devkitPro/libnds/lib\libnds9.a(sassert.o)
 *fill*         0x02011752        0x2 
 .bss           0x02011754        0x4 c:/devkitPro/libnds/lib\libnds9.a(system.o)
 .bss           0x02011758        0x0 c:/devkitPro/libnds/lib\libnds9.a(trig.o)
 .bss           0x02011758        0x0 c:/devkitPro/libnds/lib\libnds9.a(video.o)
 .bss           0x02011758        0x0 c:/devkitPro/libnds/lib\libnds9.a(initSystem.o)
 .bss           0x02011758        0x8 c:/devkitPro/libnds/lib\libnds9.a(fifosystem.o)
                0x0201175c                processing
 .bss           0x02011760        0x0 c:/devkitPro/libnds/lib\libnds9.a(interrupts.o)
 .bss           0x02011760        0x0 c:/devkitPro/libnds/lib\libnds9.a(libnds_exit.arm.o)
 .bss           0x02011760        0x0 c:/devkitPro/libnds/lib\libnds9.a(mpu_setup.o)
 .bss           0x02011760        0x0 c:/devkitPro/libnds/lib\libnds9.a(biosCalls.o)
 .bss           0x02011760        0x0 c:/devkitPro/libnds/lib\libnds9.a(interruptDispatcher.o)
 .bss           0x02011760        0x0 c:/devkitPro/libnds/lib\libnds9.a(swiSoftReset.o)
 .bss           0x02011760        0x0 c:/devkitPro/libnds/lib\libnds9.a(console.o)
 .bss           0x02011760        0x0 c:/devkitPro/libnds/lib\libnds9.a(debugprint.o)
 .bss           0x02011760        0x0 c:/devkitPro/libnds/lib\libnds9.a(default_font.bin.o)
 .bss           0x02011760        0x0 c:/devkitpro/devkitarm/bin/../lib/gcc/arm-none-eabi/4.8.2/thumb\libgcc.a(_divsi3.o)
 .bss           0x02011760        0x0 c:/devkitpro/devkitarm/bin/../lib/gcc/arm-none-eabi/4.8.2/thumb\libgcc.a(_dvmd_tls.o)
 .bss           0x02011760        0x0 c:/devkitpro/devkitarm/bin/../lib/gcc/arm-none-eabi/4.8.2/../../../../arm-none-eabi/lib/thumb\libg.a(lib_a-bsearch.o)
 .bss           0x02011760        0x0 c:/devkitpro/devkitarm/bin/../lib/gcc/arm-none-eabi/4.8.2/../../../../arm-none-eabi/lib/thumb\libg.a(lib_a-impure.o)
 .bss           0x02011760        0x0 c:/devkitpro/devkitarm/bin/../lib/gcc/arm-none-eabi/4.8.2/../../../../arm-none-eabi/lib/thumb\libg.a(lib_a-init.o)
 .bss           0x02011760        0x0 c:/devkitpro/devkitarm/bin/../lib/gcc/arm-none-eabi/4.8.2/../../../../arm-none-eabi/lib/thumb\libg.a(lib_a-iprintf.o)
 .bss           0x02011760        0x0 c:/devkitpro/devkitarm/bin/../lib/gcc/arm-none-eabi/4.8.2/../../../../arm-none-eabi/lib/thumb\libg.a(lib_a-memcpy-stub.o)
 .bss           0x02011760        0x0 c:/devkitpro/devkitarm/bin/../lib/gcc/arm-none-eabi/4.8.2/../../../../arm-none-eabi/lib/thumb\libg.a(lib_a-rand.o)
 .bss           0x02011760        0x0 c:/devkitpro/devkitarm/bin/../lib/gcc/arm-none-eabi/4.8.2/../../../../arm-none-eabi/lib/thumb\libg.a(lib_a-setvbuf.o)
 .bss           0x02011760        0x0 c:/devkitpro/devkitarm/bin/../lib/gcc/arm-none-eabi/4.8.2/../../../../arm-none-eabi/lib/thumb\libg.a(lib_a-siscanf.o)
 .bss           0x02011760        0x0 c:/devkitpro/devkitarm/bin/../lib/gcc/arm-none-eabi/4.8.2/../../../../arm-none-eabi/lib/thumb\libg.a(lib_a-stdio.o)
 .bss           0x02011760        0x0 c:/devkitpro/devkitarm/bin/../lib/gcc/arm-none-eabi/4.8.2/../../../../arm-none-eabi/lib/thumb\libg.a(lib_a-strlen.o)
 .bss           0x02011760        0x0 c:/devkitpro/devkitarm/bin/../lib/gcc/arm-none-eabi/4.8.2/../../../../arm-none-eabi/lib/thumb\libg.a(lib_a-svfiscanf.o)
 .bss           0x02011760        0x0 c:/devkitpro/devkitarm/bin/../lib/gcc/arm-none-eabi/4.8.2/../../../../arm-none-eabi/lib/thumb\libg.a(lib_a-time.o)
 .bss           0x02011760        0x0 c:/devkitpro/devkitarm/bin/../lib/gcc/arm-none-eabi/4.8.2/../../../../arm-none-eabi/lib/thumb\libg.a(lib_a-ungetc.o)
 .bss           0x02011760        0x0 c:/devkitpro/devkitarm/bin/../lib/gcc/arm-none-eabi/4.8.2/../../../../arm-none-eabi/lib/thumb\libg.a(lib_a-vfiprintf.o)
 .bss           0x02011760        0x0 c:/devkitpro/devkitarm/bin/../lib/gcc/arm-none-eabi/4.8.2/../../../../arm-none-eabi/lib/thumb\libg.a(lib_a-viprintf.o)
 .bss           0x02011760        0x0 c:/devkitpro/devkitarm/bin/../lib/gcc/arm-none-eabi/4.8.2/../../../../arm-none-eabi/lib/thumb\libg.a(lib_a-wcrtomb.o)
 .bss           0x02011760        0x0 c:/devkitpro/devkitarm/bin/../lib/gcc/arm-none-eabi/4.8.2/../../../../arm-none-eabi/lib/thumb\libg.a(lib_a-wcsrtombs.o)
 .bss           0x02011760        0x0 c:/devkitpro/devkitarm/bin/../lib/gcc/arm-none-eabi/4.8.2/../../../../arm-none-eabi/lib/thumb\libg.a(lib_a-wctomb_r.o)
 .bss           0x02011760        0x0 c:/devkitpro/devkitarm/bin/../lib/gcc/arm-none-eabi/4.8.2/../../../../arm-none-eabi/lib/thumb\libg.a(lib_a-wsetup.o)
 .bss           0x02011760        0x0 c:/devkitpro/devkitarm/bin/../lib/gcc/arm-none-eabi/4.8.2/../../../../arm-none-eabi/lib/thumb\libg.a(lib_a-ctype_.o)
 .bss           0x02011760        0x0 c:/devkitpro/devkitarm/bin/../lib/gcc/arm-none-eabi/4.8.2/../../../../arm-none-eabi/lib/thumb\libg.a(lib_a-fflush.o)
 .bss           0x02011760        0x0 c:/devkitpro/devkitarm/bin/../lib/gcc/arm-none-eabi/4.8.2/../../../../arm-none-eabi/lib/thumb\libg.a(lib_a-findfp.o)
 .bss           0x02011760        0x0 c:/devkitpro/devkitarm/bin/../lib/gcc/arm-none-eabi/4.8.2/../../../../arm-none-eabi/lib/thumb\libg.a(lib_a-fputwc.o)
 .bss           0x02011760        0x0 c:/devkitpro/devkitarm/bin/../lib/gcc/arm-none-eabi/4.8.2/../../../../arm-none-eabi/lib/thumb\libg.a(lib_a-freer.o)
 .bss           0x02011760        0x0 c:/devkitpro/devkitarm/bin/../lib/gcc/arm-none-eabi/4.8.2/../../../../arm-none-eabi/lib/thumb\libg.a(lib_a-fvwrite.o)
 .bss           0x02011760        0x0 c:/devkitpro/devkitarm/bin/../lib/gcc/arm-none-eabi/4.8.2/../../../../arm-none-eabi/lib/thumb\libg.a(lib_a-fwalk.o)
 .bss           0x02011760        0x0 c:/devkitpro/devkitarm/bin/../lib/gcc/arm-none-eabi/4.8.2/../../../../arm-none-eabi/lib/thumb\libg.a(lib_a-iswspace.o)
 .bss           0x02011760        0x0 c:/devkitpro/devkitarm/bin/../lib/gcc/arm-none-eabi/4.8.2/../../../../arm-none-eabi/lib/thumb\libg.a(lib_a-jp2uc.o)
 .bss           0x02011760      0x2b8 c:/devkitpro/devkitarm/bin/../lib/gcc/arm-none-eabi/4.8.2/../../../../arm-none-eabi/lib/thumb\libg.a(lib_a-locale.o)
                0x02011a0c                _PathLocale
                0x02011a10                __mlocale_changed
                0x02011a14                __nlocale_changed
 .bss           0x02011a18        0x0 c:/devkitpro/devkitarm/bin/../lib/gcc/arm-none-eabi/4.8.2/../../../../arm-none-eabi/lib/thumb\libg.a(lib_a-makebuf.o)
 .bss           0x02011a18        0x0 c:/devkitpro/devkitarm/bin/../lib/gcc/arm-none-eabi/4.8.2/../../../../arm-none-eabi/lib/thumb\libg.a(lib_a-malloc.o)
 .bss           0x02011a18       0x34 c:/devkitpro/devkitarm/bin/../lib/gcc/arm-none-eabi/4.8.2/../../../../arm-none-eabi/lib/thumb\libg.a(lib_a-mallocr.o)
                0x02011a18                __malloc_top_pad
                0x02011a1c                __malloc_current_mallinfo
                0x02011a44                __malloc_max_sbrked_mem
                0x02011a48                __malloc_max_total_mem
 .bss           0x02011a4c        0x0 c:/devkitpro/devkitarm/bin/../lib/gcc/arm-none-eabi/4.8.2/../../../../arm-none-eabi/lib/thumb\libg.a(lib_a-mbrtowc.o)
 .bss           0x02011a4c        0x0 c:/devkitpro/devkitarm/bin/../lib/gcc/arm-none-eabi/4.8.2/../../../../arm-none-eabi/lib/thumb\libg.a(lib_a-mbtowc_r.o)
 .bss           0x02011a4c        0x0 c:/devkitpro/devkitarm/bin/../lib/gcc/arm-none-eabi/4.8.2/../../../../arm-none-eabi/lib/thumb\libg.a(lib_a-memchr-stub.o)
 .bss           0x02011a4c        0x0 c:/devkitpro/devkitarm/bin/../lib/gcc/arm-none-eabi/4.8.2/../../../../arm-none-eabi/lib/thumb\libg.a(lib_a-memmove.o)
 .bss           0x02011a4c        0x0 c:/devkitpro/devkitarm/bin/../lib/gcc/arm-none-eabi/4.8.2/../../../../arm-none-eabi/lib/thumb\libg.a(lib_a-memset.o)
 .bss           0x02011a4c        0x0 c:/devkitpro/devkitarm/bin/../lib/gcc/arm-none-eabi/4.8.2/../../../../arm-none-eabi/lib/thumb\libg.a(lib_a-mlock.o)
 .bss           0x02011a4c        0x0 c:/devkitpro/devkitarm/bin/../lib/gcc/arm-none-eabi/4.8.2/../../../../arm-none-eabi/lib/thumb\libg.a(lib_a-reallocr.o)
 .bss           0x02011a4c        0x0 c:/devkitpro/devkitarm/bin/../lib/gcc/arm-none-eabi/4.8.2/../../../../arm-none-eabi/lib/thumb\libg.a(lib_a-sccl.o)
 .bss           0x02011a4c        0x0 c:/devkitpro/devkitarm/bin/../lib/gcc/arm-none-eabi/4.8.2/../../../../arm-none-eabi/lib/thumb\libg.a(lib_a-strcasecmp.o)
 .bss           0x02011a4c        0x0 c:/devkitpro/devkitarm/bin/../lib/gcc/arm-none-eabi/4.8.2/../../../../arm-none-eabi/lib/thumb\libg.a(lib_a-strcat.o)
 .bss           0x02011a4c        0x0 c:/devkitpro/devkitarm/bin/../lib/gcc/arm-none-eabi/4.8.2/../../../../arm-none-eabi/lib/thumb\libg.a(lib_a-strchr.o)
 .bss           0x02011a4c        0x0 c:/devkitpro/devkitarm/bin/../lib/gcc/arm-none-eabi/4.8.2/../../../../arm-none-eabi/lib/thumb\libg.a(lib_a-strcmp.o)
 .bss           0x02011a4c        0x0 c:/devkitpro/devkitarm/bin/../lib/gcc/arm-none-eabi/4.8.2/../../../../arm-none-eabi/lib/thumb\libg.a(lib_a-strcpy.o)
 .bss           0x02011a4c        0x0 c:/devkitpro/devkitarm/bin/../lib/gcc/arm-none-eabi/4.8.2/../../../../arm-none-eabi/lib/thumb\libg.a(lib_a-strlcpy.o)
 .bss           0x02011a4c        0x0 c:/devkitpro/devkitarm/bin/../lib/gcc/arm-none-eabi/4.8.2/../../../../arm-none-eabi/lib/thumb\libg.a(lib_a-strncasecmp.o)
 .bss           0x02011a4c        0x0 c:/devkitpro/devkitarm/bin/../lib/gcc/arm-none-eabi/4.8.2/../../../../arm-none-eabi/lib/thumb\libg.a(lib_a-strncmp.o)
 .bss           0x02011a4c        0x0 c:/devkitpro/devkitarm/bin/../lib/gcc/arm-none-eabi/4.8.2/../../../../arm-none-eabi/lib/thumb\libg.a(lib_a-strncpy.o)
 .bss           0x02011a4c        0x0 c:/devkitpro/devkitarm/bin/../lib/gcc/arm-none-eabi/4.8.2/../../../../arm-none-eabi/lib/thumb\libg.a(lib_a-strtoll_r.o)
 .bss           0x02011a4c        0x0 c:/devkitpro/devkitarm/bin/../lib/gcc/arm-none-eabi/4.8.2/../../../../arm-none-eabi/lib/thumb\libg.a(lib_a-strtol.o)
 .bss           0x02011a4c        0x0 c:/devkitpro/devkitarm/bin/../lib/gcc/arm-none-eabi/4.8.2/../../../../arm-none-eabi/lib/thumb\libg.a(lib_a-strtoull_r.o)
 .bss           0x02011a4c        0x0 c:/devkitpro/devkitarm/bin/../lib/gcc/arm-none-eabi/4.8.2/../../../../arm-none-eabi/lib/thumb\libg.a(lib_a-strtoul.o)
 .bss           0x02011a4c        0x0 c:/devkitpro/devkitarm/bin/../lib/gcc/arm-none-eabi/4.8.2/../../../../arm-none-eabi/lib/thumb\libg.a(lib_a-wbuf.o)
 .bss           0x02011a4c        0x0 c:/devkitpro/devkitarm/bin/../lib/gcc/arm-none-eabi/4.8.2/../../../../arm-none-eabi/lib/thumb\libg.a(lib_a-wcsnrtombs.o)
 .bss           0x02011a4c        0x0 c:/devkitpro/devkitarm/bin/../lib/gcc/arm-none-eabi/4.8.2/../../../../arm-none-eabi/lib/thumb\libg.a(lib_a-fclose.o)
 .bss           0x02011a4c        0x0 c:/devkitpro/devkitarm/bin/../lib/gcc/arm-none-eabi/4.8.2/../../../../arm-none-eabi/lib/thumb\libg.a(lib_a-getenv_r.o)
 .bss           0x02011a4c        0x4 c:/devkitpro/devkitarm/bin/../lib/gcc/arm-none-eabi/4.8.2/../../../../arm-none-eabi/lib/thumb\libg.a(lib_a-environ.o)
 .bss           0x02011a50        0x0 c:/devkitpro/devkitarm/bin/../lib/gcc/arm-none-eabi/4.8.2/../../../../arm-none-eabi/lib/thumb\libg.a(lib_a-envlock.o)
 .bss           0x02011a50        0x0 c:/devkitpro/devkitarm/bin/../lib/gcc/arm-none-eabi/4.8.2/../../../../arm-none-eabi/lib/thumb\libsysbase.a(iosupport.o)
 .bss           0x02011a50        0x0 c:/devkitpro/devkitarm/bin/../lib/gcc/arm-none-eabi/4.8.2/../../../../arm-none-eabi/lib/thumb\libsysbase.a(close.o)
 .bss           0x02011a50        0x0 c:/devkitpro/devkitarm/bin/../lib/gcc/arm-none-eabi/4.8.2/../../../../arm-none-eabi/lib/thumb\libsysbase.a(fstat.o)
 .bss           0x02011a50        0x0 c:/devkitpro/devkitarm/bin/../lib/gcc/arm-none-eabi/4.8.2/../../../../arm-none-eabi/lib/thumb\libsysbase.a(isatty.o)
 .bss           0x02011a50        0x0 c:/devkitpro/devkitarm/bin/../lib/gcc/arm-none-eabi/4.8.2/../../../../arm-none-eabi/lib/thumb\libsysbase.a(lseek.o)
 .bss           0x02011a50        0x0 c:/devkitpro/devkitarm/bin/../lib/gcc/arm-none-eabi/4.8.2/../../../../arm-none-eabi/lib/thumb\libsysbase.a(read.o)
 .bss           0x02011a50        0x4 c:/devkitpro/devkitarm/bin/../lib/gcc/arm-none-eabi/4.8.2/../../../../arm-none-eabi/lib/thumb\libsysbase.a(sbrk.o)
 .bss           0x02011a54        0x0 c:/devkitpro/devkitarm/bin/../lib/gcc/arm-none-eabi/4.8.2/../../../../arm-none-eabi/lib/thumb\libsysbase.a(times.o)
 .bss           0x02011a54        0x0 c:/devkitpro/devkitarm/bin/../lib/gcc/arm-none-eabi/4.8.2/../../../../arm-none-eabi/lib/thumb\libsysbase.a(write.o)
 .bss           0x02011a54        0x8 c:/devkitpro/devkitarm/bin/../lib/gcc/arm-none-eabi/4.8.2/../../../../arm-none-eabi/lib/thumb\libsysbase.a(malloc_vars.o)
                0x02011a54                fake_heap_start
                0x02011a58                fake_heap_end
 .bss           0x02011a5c        0x0 c:/devkitpro/devkitarm/bin/../lib/gcc/arm-none-eabi/4.8.2/../../../../arm-none-eabi/lib/thumb\libsysbase.a(build_argv.o)
 .bss           0x02011a5c        0x8 c:/devkitpro/devkitarm/bin/../lib/gcc/arm-none-eabi/4.8.2/../../../../arm-none-eabi/lib/thumb\libsysbase.a(syscall_support.o)
                0x02011a5c                __syscalls
 .bss           0x02011a64     0x1000 c:/devkitpro/devkitarm/bin/../lib/gcc/arm-none-eabi/4.8.2/../../../../arm-none-eabi/lib/thumb\libsysbase.a(handle_manager.o)
 .bss           0x02012a64        0x0 c:/devkitpro/devkitarm/bin/../lib/gcc/arm-none-eabi/4.8.2/thumb\libgcc.a(_udivsi3.o)
 .bss           0x02012a64        0x0 c:/devkitpro/devkitarm/bin/../lib/gcc/arm-none-eabi/4.8.2/thumb\libgcc.a(_aeabi_uldivmod.o)
 .bss           0x02012a64        0x0 c:/devkitpro/devkitarm/bin/../lib/gcc/arm-none-eabi/4.8.2/thumb\libgcc.a(_muldi3.o)
 .bss           0x02012a64        0x0 c:/devkitpro/devkitarm/bin/../lib/gcc/arm-none-eabi/4.8.2/thumb\libgcc.a(bpabi.o)
 .bss           0x02012a64        0x0 c:/devkitpro/devkitarm/bin/../lib/gcc/arm-none-eabi/4.8.2/thumb\libgcc.a(_divdi3.o)
 .bss           0x02012a64        0x0 c:/devkitpro/devkitarm/bin/../lib/gcc/arm-none-eabi/4.8.2/thumb\libgcc.a(_udivdi3.o)
 .bss           0x02012a64        0x0 c:/devkitpro/devkitarm/bin/../lib/gcc/arm-none-eabi/4.8.2/thumb\libgcc.a(_clzsi2.o)
 .bss           0x02012a64        0x0 c:/devkitpro/devkitarm/bin/../lib/gcc/arm-none-eabi/4.8.2/../../../../arm-none-eabi/lib/thumb\libg.a(lib_a-errno.o)
 .bss           0x02012a64        0x0 c:/devkitpro/devkitarm/bin/../lib/gcc/arm-none-eabi/4.8.2/thumb/crtend.o
 .bss           0x02012a64        0x0 c:/devkitpro/devkitarm/bin/../lib/gcc/arm-none-eabi/4.8.2/thumb/crtn.o
 *(COMMON)
 COMMON         0x02012a64      0x148 c:/devkitPro/libnds/lib\libnds9.a(background.o)
                0x02012a64                bgState
                0x02012ba4                bgIsTextLut
 COMMON         0x02012bac        0x1 c:/devkitPro/libnds/lib\libnds9.a(initSystem.o)
                0x02012bac                __dsimode
 *fill*         0x02012bad        0x3 
 COMMON         0x02012bb0      0xa40 c:/devkitPro/libnds/lib\libnds9.a(fifosystem.o)
                0x02012bb0                fifo_datamsg_data
                0x02012bf0                fifo_buffer
                0x020133f0                fifo_value32_func
                0x02013430                fifo_address_func
                0x02013470                fifo_value32_data
                0x020134b0                fifo_value32_queue
                0x020134f0                fifo_data_queue
                0x02013530                fifo_address_data
                0x02013570                fifo_datamsg_func
                0x020135b0                fifo_address_queue
 COMMON         0x020135f0       0x5c c:/devkitPro/libnds/lib\libnds9.a(console.o)
                0x020135f0                currentCopy
 COMMON         0x0201364c        0x4 c:/devkitpro/devkitarm/bin/../lib/gcc/arm-none-eabi/4.8.2/../../../../arm-none-eabi/lib/thumb\libsysbase.a(times.o)
                0x0201364c                punixTime
                0x02013650                . = ALIGN (0x4)
                0x02013650                __bss_end__ = ABSOLUTE (.)
                0x02013650                __end__ = ABSOLUTE (.)

.stab
 *(.stab)

.stabstr
 *(.stabstr)

.stab.excl
 *(.stab.excl)

.stab.exclstr
 *(.stab.exclstr)

.stab.index
 *(.stab.index)

.stab.indexstr
 *(.stab.indexstr)

.comment        0x00000000       0x22
 *(.comment)
 .comment       0x00000000       0x22 c:/devkitpro/devkitarm/bin/../lib/gcc/arm-none-eabi/4.8.2/thumb/crtbegin.o
                                 0x23 (size before relaxing)
 .comment       0x00000000       0x23 SeekOutSafety.o
 .comment       0x00000000       0x23 c:/devkitPro/libnds/lib\libnds9.a(background.o)
 .comment       0x00000000       0x23 c:/devkitPro/libnds/lib\libnds9.a(keys.o)
 .comment       0x00000000       0x23 c:/devkitPro/libnds/lib\libnds9.a(sassert.o)
 .comment       0x00000000       0x23 c:/devkitPro/libnds/lib\libnds9.a(system.o)
 .comment       0x00000000       0x23 c:/devkitPro/libnds/lib\libnds9.a(trig.o)
 .comment       0x00000000       0x23 c:/devkitPro/libnds/lib\libnds9.a(video.o)
 .comment       0x00000000       0x23 c:/devkitPro/libnds/lib\libnds9.a(initSystem.o)
 .comment       0x00000000       0x23 c:/devkitPro/libnds/lib\libnds9.a(fifosystem.o)
 .comment       0x00000000       0x23 c:/devkitPro/libnds/lib\libnds9.a(interrupts.o)
 .comment       0x00000000       0x23 c:/devkitPro/libnds/lib\libnds9.a(libnds_exit.arm.o)
 .comment       0x00000000       0x23 c:/devkitPro/libnds/lib\libnds9.a(console.o)
 .comment       0x00000000       0x23 c:/devkitpro/devkitarm/bin/../lib/gcc/arm-none-eabi/4.8.2/../../../../arm-none-eabi/lib/thumb\libg.a(lib_a-bsearch.o)
 .comment       0x00000000       0x23 c:/devkitpro/devkitarm/bin/../lib/gcc/arm-none-eabi/4.8.2/../../../../arm-none-eabi/lib/thumb\libg.a(lib_a-impure.o)
 .comment       0x00000000       0x23 c:/devkitpro/devkitarm/bin/../lib/gcc/arm-none-eabi/4.8.2/../../../../arm-none-eabi/lib/thumb\libg.a(lib_a-init.o)
 .comment       0x00000000       0x23 c:/devkitpro/devkitarm/bin/../lib/gcc/arm-none-eabi/4.8.2/../../../../arm-none-eabi/lib/thumb\libg.a(lib_a-iprintf.o)
 .comment       0x00000000       0x23 c:/devkitpro/devkitarm/bin/../lib/gcc/arm-none-eabi/4.8.2/../../../../arm-none-eabi/lib/thumb\libg.a(lib_a-memcpy-stub.o)
 .comment       0x00000000       0x23 c:/devkitpro/devkitarm/bin/../lib/gcc/arm-none-eabi/4.8.2/../../../../arm-none-eabi/lib/thumb\libg.a(lib_a-rand.o)
 .comment       0x00000000       0x23 c:/devkitpro/devkitarm/bin/../lib/gcc/arm-none-eabi/4.8.2/../../../../arm-none-eabi/lib/thumb\libg.a(lib_a-setvbuf.o)
 .comment       0x00000000       0x23 c:/devkitpro/devkitarm/bin/../lib/gcc/arm-none-eabi/4.8.2/../../../../arm-none-eabi/lib/thumb\libg.a(lib_a-siscanf.o)
 .comment       0x00000000       0x23 c:/devkitpro/devkitarm/bin/../lib/gcc/arm-none-eabi/4.8.2/../../../../arm-none-eabi/lib/thumb\libg.a(lib_a-stdio.o)
 .comment       0x00000000       0x23 c:/devkitpro/devkitarm/bin/../lib/gcc/arm-none-eabi/4.8.2/../../../../arm-none-eabi/lib/thumb\libg.a(lib_a-strlen.o)
 .comment       0x00000000       0x23 c:/devkitpro/devkitarm/bin/../lib/gcc/arm-none-eabi/4.8.2/../../../../arm-none-eabi/lib/thumb\libg.a(lib_a-svfiscanf.o)
 .comment       0x00000000       0x23 c:/devkitpro/devkitarm/bin/../lib/gcc/arm-none-eabi/4.8.2/../../../../arm-none-eabi/lib/thumb\libg.a(lib_a-time.o)
 .comment       0x00000000       0x23 c:/devkitpro/devkitarm/bin/../lib/gcc/arm-none-eabi/4.8.2/../../../../arm-none-eabi/lib/thumb\libg.a(lib_a-ungetc.o)
 .comment       0x00000000       0x23 c:/devkitpro/devkitarm/bin/../lib/gcc/arm-none-eabi/4.8.2/../../../../arm-none-eabi/lib/thumb\libg.a(lib_a-vfiprintf.o)
 .comment       0x00000000       0x23 c:/devkitpro/devkitarm/bin/../lib/gcc/arm-none-eabi/4.8.2/../../../../arm-none-eabi/lib/thumb\libg.a(lib_a-viprintf.o)
 .comment       0x00000000       0x23 c:/devkitpro/devkitarm/bin/../lib/gcc/arm-none-eabi/4.8.2/../../../../arm-none-eabi/lib/thumb\libg.a(lib_a-wcrtomb.o)
 .comment       0x00000000       0x23 c:/devkitpro/devkitarm/bin/../lib/gcc/arm-none-eabi/4.8.2/../../../../arm-none-eabi/lib/thumb\libg.a(lib_a-wcsrtombs.o)
 .comment       0x00000000       0x23 c:/devkitpro/devkitarm/bin/../lib/gcc/arm-none-eabi/4.8.2/../../../../arm-none-eabi/lib/thumb\libg.a(lib_a-wctomb_r.o)
 .comment       0x00000000       0x23 c:/devkitpro/devkitarm/bin/../lib/gcc/arm-none-eabi/4.8.2/../../../../arm-none-eabi/lib/thumb\libg.a(lib_a-wsetup.o)
 .comment       0x00000000       0x23 c:/devkitpro/devkitarm/bin/../lib/gcc/arm-none-eabi/4.8.2/../../../../arm-none-eabi/lib/thumb\libg.a(lib_a-ctype_.o)
 .comment       0x00000000       0x23 c:/devkitpro/devkitarm/bin/../lib/gcc/arm-none-eabi/4.8.2/../../../../arm-none-eabi/lib/thumb\libg.a(lib_a-fflush.o)
 .comment       0x00000000       0x23 c:/devkitpro/devkitarm/bin/../lib/gcc/arm-none-eabi/4.8.2/../../../../arm-none-eabi/lib/thumb\libg.a(lib_a-findfp.o)
 .comment       0x00000000       0x23 c:/devkitpro/devkitarm/bin/../lib/gcc/arm-none-eabi/4.8.2/../../../../arm-none-eabi/lib/thumb\libg.a(lib_a-fputwc.o)
 .comment       0x00000000       0x23 c:/devkitpro/devkitarm/bin/../lib/gcc/arm-none-eabi/4.8.2/../../../../arm-none-eabi/lib/thumb\libg.a(lib_a-freer.o)
 .comment       0x00000000       0x23 c:/devkitpro/devkitarm/bin/../lib/gcc/arm-none-eabi/4.8.2/../../../../arm-none-eabi/lib/thumb\libg.a(lib_a-fvwrite.o)
 .comment       0x00000000       0x23 c:/devkitpro/devkitarm/bin/../lib/gcc/arm-none-eabi/4.8.2/../../../../arm-none-eabi/lib/thumb\libg.a(lib_a-fwalk.o)
 .comment       0x00000000       0x23 c:/devkitpro/devkitarm/bin/../lib/gcc/arm-none-eabi/4.8.2/../../../../arm-none-eabi/lib/thumb\libg.a(lib_a-iswspace.o)
 .comment       0x00000000       0x23 c:/devkitpro/devkitarm/bin/../lib/gcc/arm-none-eabi/4.8.2/../../../../arm-none-eabi/lib/thumb\libg.a(lib_a-jp2uc.o)
 .comment       0x00000000       0x23 c:/devkitpro/devkitarm/bin/../lib/gcc/arm-none-eabi/4.8.2/../../../../arm-none-eabi/lib/thumb\libg.a(lib_a-locale.o)
 .comment       0x00000000       0x23 c:/devkitpro/devkitarm/bin/../lib/gcc/arm-none-eabi/4.8.2/../../../../arm-none-eabi/lib/thumb\libg.a(lib_a-makebuf.o)
 .comment       0x00000000       0x23 c:/devkitpro/devkitarm/bin/../lib/gcc/arm-none-eabi/4.8.2/../../../../arm-none-eabi/lib/thumb\libg.a(lib_a-malloc.o)
 .comment       0x00000000       0x23 c:/devkitpro/devkitarm/bin/../lib/gcc/arm-none-eabi/4.8.2/../../../../arm-none-eabi/lib/thumb\libg.a(lib_a-mallocr.o)
 .comment       0x00000000       0x23 c:/devkitpro/devkitarm/bin/../lib/gcc/arm-none-eabi/4.8.2/../../../../arm-none-eabi/lib/thumb\libg.a(lib_a-mbrtowc.o)
 .comment       0x00000000       0x23 c:/devkitpro/devkitarm/bin/../lib/gcc/arm-none-eabi/4.8.2/../../../../arm-none-eabi/lib/thumb\libg.a(lib_a-mbtowc_r.o)
 .comment       0x00000000       0x23 c:/devkitpro/devkitarm/bin/../lib/gcc/arm-none-eabi/4.8.2/../../../../arm-none-eabi/lib/thumb\libg.a(lib_a-memchr-stub.o)
 .comment       0x00000000       0x23 c:/devkitpro/devkitarm/bin/../lib/gcc/arm-none-eabi/4.8.2/../../../../arm-none-eabi/lib/thumb\libg.a(lib_a-memmove.o)
 .comment       0x00000000       0x23 c:/devkitpro/devkitarm/bin/../lib/gcc/arm-none-eabi/4.8.2/../../../../arm-none-eabi/lib/thumb\libg.a(lib_a-memset.o)
 .comment       0x00000000       0x23 c:/devkitpro/devkitarm/bin/../lib/gcc/arm-none-eabi/4.8.2/../../../../arm-none-eabi/lib/thumb\libg.a(lib_a-mlock.o)
 .comment       0x00000000       0x23 c:/devkitpro/devkitarm/bin/../lib/gcc/arm-none-eabi/4.8.2/../../../../arm-none-eabi/lib/thumb\libg.a(lib_a-reallocr.o)
 .comment       0x00000000       0x23 c:/devkitpro/devkitarm/bin/../lib/gcc/arm-none-eabi/4.8.2/../../../../arm-none-eabi/lib/thumb\libg.a(lib_a-sccl.o)
 .comment       0x00000000       0x23 c:/devkitpro/devkitarm/bin/../lib/gcc/arm-none-eabi/4.8.2/../../../../arm-none-eabi/lib/thumb\libg.a(lib_a-strcasecmp.o)
 .comment       0x00000000       0x23 c:/devkitpro/devkitarm/bin/../lib/gcc/arm-none-eabi/4.8.2/../../../../arm-none-eabi/lib/thumb\libg.a(lib_a-strcat.o)
 .comment       0x00000000       0x23 c:/devkitpro/devkitarm/bin/../lib/gcc/arm-none-eabi/4.8.2/../../../../arm-none-eabi/lib/thumb\libg.a(lib_a-strchr.o)
 .comment       0x00000000       0x23 c:/devkitpro/devkitarm/bin/../lib/gcc/arm-none-eabi/4.8.2/../../../../arm-none-eabi/lib/thumb\libg.a(lib_a-strcpy.o)
 .comment       0x00000000       0x23 c:/devkitpro/devkitarm/bin/../lib/gcc/arm-none-eabi/4.8.2/../../../../arm-none-eabi/lib/thumb\libg.a(lib_a-strlcpy.o)
 .comment       0x00000000       0x23 c:/devkitpro/devkitarm/bin/../lib/gcc/arm-none-eabi/4.8.2/../../../../arm-none-eabi/lib/thumb\libg.a(lib_a-strncasecmp.o)
 .comment       0x00000000       0x23 c:/devkitpro/devkitarm/bin/../lib/gcc/arm-none-eabi/4.8.2/../../../../arm-none-eabi/lib/thumb\libg.a(lib_a-strncmp.o)
 .comment       0x00000000       0x23 c:/devkitpro/devkitarm/bin/../lib/gcc/arm-none-eabi/4.8.2/../../../../arm-none-eabi/lib/thumb\libg.a(lib_a-strncpy.o)
 .comment       0x00000000       0x23 c:/devkitpro/devkitarm/bin/../lib/gcc/arm-none-eabi/4.8.2/../../../../arm-none-eabi/lib/thumb\libg.a(lib_a-strtoll_r.o)
 .comment       0x00000000       0x23 c:/devkitpro/devkitarm/bin/../lib/gcc/arm-none-eabi/4.8.2/../../../../arm-none-eabi/lib/thumb\libg.a(lib_a-strtol.o)
 .comment       0x00000000       0x23 c:/devkitpro/devkitarm/bin/../lib/gcc/arm-none-eabi/4.8.2/../../../../arm-none-eabi/lib/thumb\libg.a(lib_a-strtoull_r.o)
 .comment       0x00000000       0x23 c:/devkitpro/devkitarm/bin/../lib/gcc/arm-none-eabi/4.8.2/../../../../arm-none-eabi/lib/thumb\libg.a(lib_a-strtoul.o)
 .comment       0x00000000       0x23 c:/devkitpro/devkitarm/bin/../lib/gcc/arm-none-eabi/4.8.2/../../../../arm-none-eabi/lib/thumb\libg.a(lib_a-wbuf.o)
 .comment       0x00000000       0x23 c:/devkitpro/devkitarm/bin/../lib/gcc/arm-none-eabi/4.8.2/../../../../arm-none-eabi/lib/thumb\libg.a(lib_a-wcsnrtombs.o)
 .comment       0x00000000       0x23 c:/devkitpro/devkitarm/bin/../lib/gcc/arm-none-eabi/4.8.2/../../../../arm-none-eabi/lib/thumb\libg.a(lib_a-fclose.o)
 .comment       0x00000000       0x23 c:/devkitpro/devkitarm/bin/../lib/gcc/arm-none-eabi/4.8.2/../../../../arm-none-eabi/lib/thumb\libg.a(lib_a-getenv_r.o)
 .comment       0x00000000       0x23 c:/devkitpro/devkitarm/bin/../lib/gcc/arm-none-eabi/4.8.2/../../../../arm-none-eabi/lib/thumb\libg.a(lib_a-environ.o)
 .comment       0x00000000       0x23 c:/devkitpro/devkitarm/bin/../lib/gcc/arm-none-eabi/4.8.2/../../../../arm-none-eabi/lib/thumb\libg.a(lib_a-envlock.o)
 .comment       0x00000000       0x23 c:/devkitpro/devkitarm/bin/../lib/gcc/arm-none-eabi/4.8.2/../../../../arm-none-eabi/lib/thumb\libsysbase.a(iosupport.o)
 .comment       0x00000000       0x23 c:/devkitpro/devkitarm/bin/../lib/gcc/arm-none-eabi/4.8.2/../../../../arm-none-eabi/lib/thumb\libsysbase.a(close.o)
 .comment       0x00000000       0x23 c:/devkitpro/devkitarm/bin/../lib/gcc/arm-none-eabi/4.8.2/../../../../arm-none-eabi/lib/thumb\libsysbase.a(fstat.o)
 .comment       0x00000000       0x23 c:/devkitpro/devkitarm/bin/../lib/gcc/arm-none-eabi/4.8.2/../../../../arm-none-eabi/lib/thumb\libsysbase.a(isatty.o)
 .comment       0x00000000       0x23 c:/devkitpro/devkitarm/bin/../lib/gcc/arm-none-eabi/4.8.2/../../../../arm-none-eabi/lib/thumb\libsysbase.a(lseek.o)
 .comment       0x00000000       0x23 c:/devkitpro/devkitarm/bin/../lib/gcc/arm-none-eabi/4.8.2/../../../../arm-none-eabi/lib/thumb\libsysbase.a(read.o)
 .comment       0x00000000       0x23 c:/devkitpro/devkitarm/bin/../lib/gcc/arm-none-eabi/4.8.2/../../../../arm-none-eabi/lib/thumb\libsysbase.a(sbrk.o)
 .comment       0x00000000       0x23 c:/devkitpro/devkitarm/bin/../lib/gcc/arm-none-eabi/4.8.2/../../../../arm-none-eabi/lib/thumb\libsysbase.a(times.o)
 .comment       0x00000000       0x23 c:/devkitpro/devkitarm/bin/../lib/gcc/arm-none-eabi/4.8.2/../../../../arm-none-eabi/lib/thumb\libsysbase.a(write.o)
 .comment       0x00000000       0x23 c:/devkitpro/devkitarm/bin/../lib/gcc/arm-none-eabi/4.8.2/../../../../arm-none-eabi/lib/thumb\libsysbase.a(malloc_vars.o)
 .comment       0x00000000       0x23 c:/devkitpro/devkitarm/bin/../lib/gcc/arm-none-eabi/4.8.2/../../../../arm-none-eabi/lib/thumb\libsysbase.a(build_argv.o)
 .comment       0x00000000       0x23 c:/devkitpro/devkitarm/bin/../lib/gcc/arm-none-eabi/4.8.2/../../../../arm-none-eabi/lib/thumb\libsysbase.a(syscall_support.o)
 .comment       0x00000000       0x23 c:/devkitpro/devkitarm/bin/../lib/gcc/arm-none-eabi/4.8.2/../../../../arm-none-eabi/lib/thumb\libsysbase.a(handle_manager.o)
 .comment       0x00000000       0x23 c:/devkitpro/devkitarm/bin/../lib/gcc/arm-none-eabi/4.8.2/thumb\libgcc.a(_muldi3.o)
 .comment       0x00000000       0x23 c:/devkitpro/devkitarm/bin/../lib/gcc/arm-none-eabi/4.8.2/thumb\libgcc.a(bpabi.o)
 .comment       0x00000000       0x23 c:/devkitpro/devkitarm/bin/../lib/gcc/arm-none-eabi/4.8.2/thumb\libgcc.a(_divdi3.o)
 .comment       0x00000000       0x23 c:/devkitpro/devkitarm/bin/../lib/gcc/arm-none-eabi/4.8.2/thumb\libgcc.a(_udivdi3.o)
 .comment       0x00000000       0x23 c:/devkitpro/devkitarm/bin/../lib/gcc/arm-none-eabi/4.8.2/../../../../arm-none-eabi/lib/thumb\libg.a(lib_a-errno.o)
 .comment       0x00000000       0x23 c:/devkitpro/devkitarm/bin/../lib/gcc/arm-none-eabi/4.8.2/thumb/crtend.o

.ARM.attributes
                0x00000000       0x2d
 .ARM.attributes
                0x00000000       0x21 c:/devkitpro/devkitarm/bin/../lib/gcc/arm-none-eabi/4.8.2/../../../../arm-none-eabi/lib/thumb/ds_arm9_crt0.o
 .ARM.attributes
                0x00000021       0x16 c:/devkitpro/devkitarm/bin/../lib/gcc/arm-none-eabi/4.8.2/thumb/crti.o
 .ARM.attributes
                0x00000037       0x30 c:/devkitpro/devkitarm/bin/../lib/gcc/arm-none-eabi/4.8.2/thumb/crtbegin.o
 .ARM.attributes
                0x00000067       0x27 SeekOutSafety.o
 .ARM.attributes
                0x0000008e       0x27 c:/devkitPro/libnds/lib\libnds9.a(background.o)
 .ARM.attributes
                0x000000b5       0x27 c:/devkitPro/libnds/lib\libnds9.a(keys.o)
 .ARM.attributes
                0x000000dc       0x27 c:/devkitPro/libnds/lib\libnds9.a(sassert.o)
 .ARM.attributes
                0x00000103       0x27 c:/devkitPro/libnds/lib\libnds9.a(system.o)
 .ARM.attributes
                0x0000012a       0x27 c:/devkitPro/libnds/lib\libnds9.a(trig.o)
 .ARM.attributes
                0x00000151       0x27 c:/devkitPro/libnds/lib\libnds9.a(video.o)
 .ARM.attributes
                0x00000178       0x27 c:/devkitPro/libnds/lib\libnds9.a(initSystem.o)
 .ARM.attributes
                0x0000019f       0x27 c:/devkitPro/libnds/lib\libnds9.a(fifosystem.o)
 .ARM.attributes
                0x000001c6       0x27 c:/devkitPro/libnds/lib\libnds9.a(interrupts.o)
 .ARM.attributes
                0x000001ed       0x27 c:/devkitPro/libnds/lib\libnds9.a(libnds_exit.arm.o)
 .ARM.attributes
                0x00000214       0x21 c:/devkitPro/libnds/lib\libnds9.a(mpu_setup.o)
 .ARM.attributes
                0x00000235       0x1b c:/devkitPro/libnds/lib\libnds9.a(biosCalls.o)
 .ARM.attributes
                0x00000250       0x1b c:/devkitPro/libnds/lib\libnds9.a(interruptDispatcher.o)
 .ARM.attributes
                0x0000026b       0x21 c:/devkitPro/libnds/lib\libnds9.a(swiSoftReset.o)
 .ARM.attributes
                0x0000028c       0x27 c:/devkitPro/libnds/lib\libnds9.a(console.o)
 .ARM.attributes
                0x000002b3       0x1b c:/devkitPro/libnds/lib\libnds9.a(debugprint.o)
 .ARM.attributes
                0x000002ce       0x14 c:/devkitPro/libnds/lib\libnds9.a(default_font.bin.o)
 .ARM.attributes
                0x000002e2       0x18 c:/devkitpro/devkitarm/bin/../lib/gcc/arm-none-eabi/4.8.2/thumb\libgcc.a(_divsi3.o)
 .ARM.attributes
                0x000002fa       0x16 c:/devkitpro/devkitarm/bin/../lib/gcc/arm-none-eabi/4.8.2/thumb\libgcc.a(_dvmd_tls.o)
 .ARM.attributes
                0x00000310       0x30 c:/devkitpro/devkitarm/bin/../lib/gcc/arm-none-eabi/4.8.2/../../../../arm-none-eabi/lib/thumb\libg.a(lib_a-bsearch.o)
 .ARM.attributes
                0x00000340       0x30 c:/devkitpro/devkitarm/bin/../lib/gcc/arm-none-eabi/4.8.2/../../../../arm-none-eabi/lib/thumb\libg.a(lib_a-impure.o)
 .ARM.attributes
                0x00000370       0x30 c:/devkitpro/devkitarm/bin/../lib/gcc/arm-none-eabi/4.8.2/../../../../arm-none-eabi/lib/thumb\libg.a(lib_a-init.o)
 .ARM.attributes
                0x000003a0       0x30 c:/devkitpro/devkitarm/bin/../lib/gcc/arm-none-eabi/4.8.2/../../../../arm-none-eabi/lib/thumb\libg.a(lib_a-iprintf.o)
 .ARM.attributes
                0x000003d0       0x30 c:/devkitpro/devkitarm/bin/../lib/gcc/arm-none-eabi/4.8.2/../../../../arm-none-eabi/lib/thumb\libg.a(lib_a-memcpy-stub.o)
 .ARM.attributes
                0x00000400       0x30 c:/devkitpro/devkitarm/bin/../lib/gcc/arm-none-eabi/4.8.2/../../../../arm-none-eabi/lib/thumb\libg.a(lib_a-rand.o)
 .ARM.attributes
                0x00000430       0x30 c:/devkitpro/devkitarm/bin/../lib/gcc/arm-none-eabi/4.8.2/../../../../arm-none-eabi/lib/thumb\libg.a(lib_a-setvbuf.o)
 .ARM.attributes
                0x00000460       0x30 c:/devkitpro/devkitarm/bin/../lib/gcc/arm-none-eabi/4.8.2/../../../../arm-none-eabi/lib/thumb\libg.a(lib_a-siscanf.o)
 .ARM.attributes
                0x00000490       0x30 c:/devkitpro/devkitarm/bin/../lib/gcc/arm-none-eabi/4.8.2/../../../../arm-none-eabi/lib/thumb\libg.a(lib_a-stdio.o)
 .ARM.attributes
                0x000004c0       0x30 c:/devkitpro/devkitarm/bin/../lib/gcc/arm-none-eabi/4.8.2/../../../../arm-none-eabi/lib/thumb\libg.a(lib_a-strlen.o)
 .ARM.attributes
                0x000004f0       0x30 c:/devkitpro/devkitarm/bin/../lib/gcc/arm-none-eabi/4.8.2/../../../../arm-none-eabi/lib/thumb\libg.a(lib_a-svfiscanf.o)
 .ARM.attributes
                0x00000520       0x30 c:/devkitpro/devkitarm/bin/../lib/gcc/arm-none-eabi/4.8.2/../../../../arm-none-eabi/lib/thumb\libg.a(lib_a-time.o)
 .ARM.attributes
                0x00000550       0x30 c:/devkitpro/devkitarm/bin/../lib/gcc/arm-none-eabi/4.8.2/../../../../arm-none-eabi/lib/thumb\libg.a(lib_a-ungetc.o)
 .ARM.attributes
                0x00000580       0x30 c:/devkitpro/devkitarm/bin/../lib/gcc/arm-none-eabi/4.8.2/../../../../arm-none-eabi/lib/thumb\libg.a(lib_a-vfiprintf.o)
 .ARM.attributes
                0x000005b0       0x30 c:/devkitpro/devkitarm/bin/../lib/gcc/arm-none-eabi/4.8.2/../../../../arm-none-eabi/lib/thumb\libg.a(lib_a-viprintf.o)
 .ARM.attributes
                0x000005e0       0x30 c:/devkitpro/devkitarm/bin/../lib/gcc/arm-none-eabi/4.8.2/../../../../arm-none-eabi/lib/thumb\libg.a(lib_a-wcrtomb.o)
 .ARM.attributes
                0x00000610       0x30 c:/devkitpro/devkitarm/bin/../lib/gcc/arm-none-eabi/4.8.2/../../../../arm-none-eabi/lib/thumb\libg.a(lib_a-wcsrtombs.o)
 .ARM.attributes
                0x00000640       0x30 c:/devkitpro/devkitarm/bin/../lib/gcc/arm-none-eabi/4.8.2/../../../../arm-none-eabi/lib/thumb\libg.a(lib_a-wctomb_r.o)
 .ARM.attributes
                0x00000670       0x30 c:/devkitpro/devkitarm/bin/../lib/gcc/arm-none-eabi/4.8.2/../../../../arm-none-eabi/lib/thumb\libg.a(lib_a-wsetup.o)
 .ARM.attributes
                0x000006a0       0x30 c:/devkitpro/devkitarm/bin/../lib/gcc/arm-none-eabi/4.8.2/../../../../arm-none-eabi/lib/thumb\libg.a(lib_a-ctype_.o)
 .ARM.attributes
                0x000006d0       0x30 c:/devkitpro/devkitarm/bin/../lib/gcc/arm-none-eabi/4.8.2/../../../../arm-none-eabi/lib/thumb\libg.a(lib_a-fflush.o)
 .ARM.attributes
                0x00000700       0x30 c:/devkitpro/devkitarm/bin/../lib/gcc/arm-none-eabi/4.8.2/../../../../arm-none-eabi/lib/thumb\libg.a(lib_a-findfp.o)
 .ARM.attributes
                0x00000730       0x30 c:/devkitpro/devkitarm/bin/../lib/gcc/arm-none-eabi/4.8.2/../../../../arm-none-eabi/lib/thumb\libg.a(lib_a-fputwc.o)
 .ARM.attributes
                0x00000760       0x30 c:/devkitpro/devkitarm/bin/../lib/gcc/arm-none-eabi/4.8.2/../../../../arm-none-eabi/lib/thumb\libg.a(lib_a-freer.o)
 .ARM.attributes
                0x00000790       0x30 c:/devkitpro/devkitarm/bin/../lib/gcc/arm-none-eabi/4.8.2/../../../../arm-none-eabi/lib/thumb\libg.a(lib_a-fvwrite.o)
 .ARM.attributes
                0x000007c0       0x30 c:/devkitpro/devkitarm/bin/../lib/gcc/arm-none-eabi/4.8.2/../../../../arm-none-eabi/lib/thumb\libg.a(lib_a-fwalk.o)
 .ARM.attributes
                0x000007f0       0x30 c:/devkitpro/devkitarm/bin/../lib/gcc/arm-none-eabi/4.8.2/../../../../arm-none-eabi/lib/thumb\libg.a(lib_a-iswspace.o)
 .ARM.attributes
                0x00000820       0x30 c:/devkitpro/devkitarm/bin/../lib/gcc/arm-none-eabi/4.8.2/../../../../arm-none-eabi/lib/thumb\libg.a(lib_a-jp2uc.o)
 .ARM.attributes
                0x00000850       0x30 c:/devkitpro/devkitarm/bin/../lib/gcc/arm-none-eabi/4.8.2/../../../../arm-none-eabi/lib/thumb\libg.a(lib_a-locale.o)
 .ARM.attributes
                0x00000880       0x30 c:/devkitpro/devkitarm/bin/../lib/gcc/arm-none-eabi/4.8.2/../../../../arm-none-eabi/lib/thumb\libg.a(lib_a-makebuf.o)
 .ARM.attributes